Component: ARM Compiler 5.06 update 1 (build 61) Tool: armlink [4d35a8]

==============================================================================

Section Cross References

    blinky.o(.text) refers to led_stm32f3-discovery.o(.text) for LED_GetCount
    blinky.o(.text) refers to system_stm32f3xx.o(.text) for SystemCoreClockUpdate
    blinky.o(.text) refers to buttons_stm32f3-discovery.o(.text) for Buttons_Initialize
    blinky.o(.text) refers to blinky.o(.data) for msTicks
    blinky.o(.text) refers to system_stm32f3xx.o(.data) for SystemCoreClock
    led_stm32f3-discovery.o(.text) refers to led_stm32f3-discovery.o(.constdata) for led_mask
    startup_stm32f303xc.o(RESET) refers to startup_stm32f303xc.o(STACK) for __initial_sp
    startup_stm32f303xc.o(RESET) refers to startup_stm32f303xc.o(.text) for Reset_Handler
    startup_stm32f303xc.o(RESET) refers to blinky.o(.text) for SysTick_Handler
    startup_stm32f303xc.o(.text) refers to system_stm32f3xx.o(.text) for SystemInit
    startup_stm32f303xc.o(.text) refers to entry.o(.ARM.Collect$$$$00000000) for __main
    system_stm32f3xx.o(.text) refers to system_stm32f3xx.o(.data) for SystemCoreClock
    entry.o(.ARM.Collect$$$$00000000) refers (Special) to entry10a.o(.ARM.Collect$$$$0000000D) for __rt_final_cpp
    entry.o(.ARM.Collect$$$$00000000) refers (Special) to entry11a.o(.ARM.Collect$$$$0000000F) for __rt_final_exit
    entry.o(.ARM.Collect$$$$00000000) refers (Special) to entry7b.o(.ARM.Collect$$$$00000008) for _main_clock
    entry.o(.ARM.Collect$$$$00000000) refers (Special) to entry8b.o(.ARM.Collect$$$$0000000A) for _main_cpp_init
    entry.o(.ARM.Collect$$$$00000000) refers (Special) to entry9a.o(.ARM.Collect$$$$0000000B) for _main_init
    entry.o(.ARM.Collect$$$$00000000) refers (Special) to entry5.o(.ARM.Collect$$$$00000004) for _main_scatterload
    entry.o(.ARM.Collect$$$$00000000) refers (Special) to entry2.o(.ARM.Collect$$$$00000001) for _main_stk
    entry2.o(.ARM.Collect$$$$00000001) refers to entry2.o(.ARM.Collect$$$$00002712) for __lit__00000000
    entry2.o(.ARM.Collect$$$$00002712) refers to startup_stm32f303xc.o(STACK) for __initial_sp
    entry2.o(__vectab_stack_and_reset_area) refers to startup_stm32f303xc.o(STACK) for __initial_sp
    entry2.o(__vectab_stack_and_reset_area) refers to entry.o(.ARM.Collect$$$$00000000) for __main
    entry5.o(.ARM.Collect$$$$00000004) refers to init.o(.text) for __scatterload
    entry9a.o(.ARM.Collect$$$$0000000B) refers to blinky.o(.text) for main
    entry9b.o(.ARM.Collect$$$$0000000C) refers to blinky.o(.text) for main
    init.o(.text) refers to entry5.o(.ARM.Collect$$$$00000004) for __main_after_scatterload


==============================================================================

Removing Unused input sections from the image.

    Removing blinky.o(.rev16_text), (4 bytes).
    Removing blinky.o(.revsh_text), (4 bytes).
    Removing blinky.o(.rrx_text), (6 bytes).
    Removing buttons_stm32f3-discovery.o(.rev16_text), (4 bytes).
    Removing buttons_stm32f3-discovery.o(.revsh_text), (4 bytes).
    Removing buttons_stm32f3-discovery.o(.rrx_text), (6 bytes).
    Removing led_stm32f3-discovery.o(.rev16_text), (4 bytes).
    Removing led_stm32f3-discovery.o(.revsh_text), (4 bytes).
    Removing led_stm32f3-discovery.o(.rrx_text), (6 bytes).
    Removing startup_stm32f303xc.o(HEAP), (512 bytes).
    Removing system_stm32f3xx.o(.rev16_text), (4 bytes).
    Removing system_stm32f3xx.o(.revsh_text), (4 bytes).
    Removing system_stm32f3xx.o(.rrx_text), (6 bytes).

13 unused section(s) (total 568 bytes) removed from the image.

==============================================================================

Image Symbol Table

    Local Symbols

    Symbol Name                              Value     Ov Type        Size  Object(Section)

    ../clib/microlib/init/entry.s            0x00000000   Number         0  entry10a.o ABSOLUTE
    ../clib/microlib/init/entry.s            0x00000000   Number         0  entry9b.o ABSOLUTE
    ../clib/microlib/init/entry.s            0x00000000   Number         0  entry9a.o ABSOLUTE
    ../clib/microlib/init/entry.s            0x00000000   Number         0  entry8b.o ABSOLUTE
    ../clib/microlib/init/entry.s            0x00000000   Number         0  entry11b.o ABSOLUTE
    ../clib/microlib/init/entry.s            0x00000000   Number         0  entry7b.o ABSOLUTE
    ../clib/microlib/init/entry.s            0x00000000   Number         0  entry8a.o ABSOLUTE
    ../clib/microlib/init/entry.s            0x00000000   Number         0  entry.o ABSOLUTE
    ../clib/microlib/init/entry.s            0x00000000   Number         0  entry7a.o ABSOLUTE
    ../clib/microlib/init/entry.s            0x00000000   Number         0  entry5.o ABSOLUTE
    ../clib/microlib/init/entry.s            0x00000000   Number         0  entry2.o ABSOLUTE
    ../clib/microlib/init/entry.s            0x00000000   Number         0  entry11a.o ABSOLUTE
    ../clib/microlib/init/entry.s            0x00000000   Number         0  entry10b.o ABSOLUTE
    Blinky.c                                 0x00000000   Number         0  blinky.o ABSOLUTE
    Blinky.c                                 0x00000000   Number         0  blinky.o ABSOLUTE
    C:\Keil_v5\ARM\PACK\Keil\STM32F3xx_DFP\1.3.0\Boards\ST\STM32F3-Discovery\Common\Buttons_STM32F3-Discovery.c 0x00000000   Number         0  buttons_stm32f3-discovery.o ABSOLUTE
    C:\Keil_v5\ARM\PACK\Keil\STM32F3xx_DFP\1.3.0\Boards\ST\STM32F3-Discovery\Common\LED_STM32F3-Discovery.c 0x00000000   Number         0  led_stm32f3-discovery.o ABSOLUTE
    C:\\Keil_v5\\ARM\\PACK\\Keil\\STM32F3xx_DFP\\1.3.0\\Boards\\ST\\STM32F3-Discovery\\Common\\Buttons_STM32F3-Discovery.c 0x00000000   Number         0  buttons_stm32f3-discovery.o ABSOLUTE
    C:\\Keil_v5\\ARM\\PACK\\Keil\\STM32F3xx_DFP\\1.3.0\\Boards\\ST\\STM32F3-Discovery\\Common\\LED_STM32F3-Discovery.c 0x00000000   Number         0  led_stm32f3-discovery.o ABSOLUTE
    RTE\Device\STM32F303VC\startup_stm32f303xc.s 0x00000000   Number         0  startup_stm32f303xc.o ABSOLUTE
    RTE\Device\STM32F303VC\system_stm32f3xx.c 0x00000000   Number         0  system_stm32f3xx.o ABSOLUTE
    RTE\\Device\\STM32F303VC\\system_stm32f3xx.c 0x00000000   Number         0  system_stm32f3xx.o ABSOLUTE
    dc.s                                     0x00000000   Number         0  dc.o ABSOLUTE
    handlers.s                               0x00000000   Number         0  handlers.o ABSOLUTE
    init.s                                   0x00000000   Number         0  init.o ABSOLUTE
    RESET                                    0x08000000   Section      392  startup_stm32f303xc.o(RESET)
    .ARM.Collect$$$$00000000                 0x08000188   Section        0  entry.o(.ARM.Collect$$$$00000000)
    .ARM.Collect$$$$00000001                 0x08000188   Section        4  entry2.o(.ARM.Collect$$$$00000001)
    .ARM.Collect$$$$00000004                 0x0800018c   Section        4  entry5.o(.ARM.Collect$$$$00000004)
    .ARM.Collect$$$$00000008                 0x08000190   Section        0  entry7b.o(.ARM.Collect$$$$00000008)
    .ARM.Collect$$$$0000000A                 0x08000190   Section        0  entry8b.o(.ARM.Collect$$$$0000000A)
    .ARM.Collect$$$$0000000B                 0x08000190   Section        8  entry9a.o(.ARM.Collect$$$$0000000B)
    .ARM.Collect$$$$0000000D                 0x08000198   Section        0  entry10a.o(.ARM.Collect$$$$0000000D)
    .ARM.Collect$$$$0000000F                 0x08000198   Section        0  entry11a.o(.ARM.Collect$$$$0000000F)
    .ARM.Collect$$$$00002712                 0x08000198   Section        4  entry2.o(.ARM.Collect$$$$00002712)
    __lit__00000000                          0x08000198   Data           4  entry2.o(.ARM.Collect$$$$00002712)
    .text                                    0x0800019c   Section        0  blinky.o(.text)
    SystemCoreClockConfigure                 0x080001bd   Thumb Code   134  blinky.o(.text)
    .text                                    0x08000324   Section        0  buttons_stm32f3-discovery.o(.text)
    .text                                    0x08000388   Section        0  led_stm32f3-discovery.o(.text)
    .text                                    0x08000458   Section       36  startup_stm32f303xc.o(.text)
    $v0                                      0x08000458   Number         0  startup_stm32f303xc.o(.text)
    .text                                    0x0800047c   Section        0  system_stm32f3xx.o(.text)
    .text                                    0x08000594   Section       36  init.o(.text)
    i.__scatterload_copy                     0x080005b8   Section       14  handlers.o(i.__scatterload_copy)
    i.__scatterload_null                     0x080005c6   Section        2  handlers.o(i.__scatterload_null)
    i.__scatterload_zeroinit                 0x080005c8   Section       14  handlers.o(i.__scatterload_zeroinit)
    .constdata                               0x080005d8   Section       32  led_stm32f3-discovery.o(.constdata)
    .data                                    0x20000000   Section        4  blinky.o(.data)
    .data                                    0x20000004   Section       20  system_stm32f3xx.o(.data)
    STACK                                    0x20000018   Section     1024  startup_stm32f303xc.o(STACK)

    Global Symbols

    Symbol Name                              Value     Ov Type        Size  Object(Section)

    BuildAttributes$$THM_ISAv4$E$P$D$K$B$S$7EM$VFPi3$EXTD16$VFPS$VFMA$PE$A:L22UL41UL21$X:L11$S22US41US21$IEEE1$IW$USESV6$~STKCKD$USESV7$~SHL$OSPACE$EBA8$MICROLIB$REQ8$PRES8$EABIv2 0x00000000   Number         0  anon$$obj.o ABSOLUTE
    __ARM_use_no_argv                        0x00000000   Number         0  blinky.o ABSOLUTE
    __cpp_initialize__aeabi_                  - Undefined Weak Reference
    __cxa_finalize                            - Undefined Weak Reference
    __decompress                              - Undefined Weak Reference
    _clock_init                               - Undefined Weak Reference
    _microlib_exit                            - Undefined Weak Reference
    __Vectors_Size                           0x00000188   Number         0  startup_stm32f303xc.o ABSOLUTE
    __Vectors                                0x08000000   Data           4  startup_stm32f303xc.o(RESET)
    __Vectors_End                            0x08000188   Data           0  startup_stm32f303xc.o(RESET)
    __main                                   0x08000189   Thumb Code     0  entry.o(.ARM.Collect$$$$00000000)
    _main_stk                                0x08000189   Thumb Code     0  entry2.o(.ARM.Collect$$$$00000001)
    _main_scatterload                        0x0800018d   Thumb Code     0  entry5.o(.ARM.Collect$$$$00000004)
    __main_after_scatterload                 0x08000191   Thumb Code     0  entry5.o(.ARM.Collect$$$$00000004)
    _main_clock                              0x08000191   Thumb Code     0  entry7b.o(.ARM.Collect$$$$00000008)
    _main_cpp_init                           0x08000191   Thumb Code     0  entry8b.o(.ARM.Collect$$$$0000000A)
    _main_init                               0x08000191   Thumb Code     0  entry9a.o(.ARM.Collect$$$$0000000B)
    __rt_final_cpp                           0x08000199   Thumb Code     0  entry10a.o(.ARM.Collect$$$$0000000D)
    __rt_final_exit                          0x08000199   Thumb Code     0  entry11a.o(.ARM.Collect$$$$0000000F)
    SysTick_Handler                          0x0800019d   Thumb Code    12  blinky.o(.text)
    Delay                                    0x080001a9   Thumb Code    20  blinky.o(.text)
    main                                     0x08000243   Thumb Code   202  blinky.o(.text)
    Buttons_Initialize                       0x08000325   Thumb Code    52  buttons_stm32f3-discovery.o(.text)
    Buttons_Uninitialize                     0x08000359   Thumb Code    20  buttons_stm32f3-discovery.o(.text)
    Buttons_GetState                         0x0800036d   Thumb Code    20  buttons_stm32f3-discovery.o(.text)
    Buttons_GetCount                         0x08000381   Thumb Code     4  buttons_stm32f3-discovery.o(.text)
    LED_Off                                  0x08000389   Thumb Code    20  led_stm32f3-discovery.o(.text)
    LED_On                                   0x0800039d   Thumb Code    20  led_stm32f3-discovery.o(.text)
    LED_SetOut                               0x080003b1   Thumb Code    40  led_stm32f3-discovery.o(.text)
    LED_Initialize                           0x080003d9   Thumb Code    98  led_stm32f3-discovery.o(.text)
    LED_Uninitialize                         0x0800043b   Thumb Code     4  led_stm32f3-discovery.o(.text)
    LED_GetCount                             0x0800043f   Thumb Code     4  led_stm32f3-discovery.o(.text)
    Reset_Handler                            0x08000459   Thumb Code     8  startup_stm32f303xc.o(.text)
    NMI_Handler                              0x08000461   Thumb Code     2  startup_stm32f303xc.o(.text)
    HardFault_Handler                        0x08000463   Thumb Code     2  startup_stm32f303xc.o(.text)
    MemManage_Handler                        0x08000465   Thumb Code     2  startup_stm32f303xc.o(.text)
    BusFault_Handler                         0x08000467   Thumb Code     2  startup_stm32f303xc.o(.text)
    UsageFault_Handler                       0x08000469   Thumb Code     2  startup_stm32f303xc.o(.text)
    SVC_Handler                              0x0800046b   Thumb Code     2  startup_stm32f303xc.o(.text)
    DebugMon_Handler                         0x0800046d   Thumb Code     2  startup_stm32f303xc.o(.text)
    PendSV_Handler                           0x0800046f   Thumb Code     2  startup_stm32f303xc.o(.text)
    ADC1_2_IRQHandler                        0x08000473   Thumb Code     0  startup_stm32f303xc.o(.text)
    ADC3_IRQHandler                          0x08000473   Thumb Code     0  startup_stm32f303xc.o(.text)
    ADC4_IRQHandler                          0x08000473   Thumb Code     0  startup_stm32f303xc.o(.text)
    CAN_RX1_IRQHandler                       0x08000473   Thumb Code     0  startup_stm32f303xc.o(.text)
    CAN_SCE_IRQHandler                       0x08000473   Thumb Code     0  startup_stm32f303xc.o(.text)
    COMP1_2_3_IRQHandler                     0x08000473   Thumb Code     0  startup_stm32f303xc.o(.text)
    COMP4_5_6_IRQHandler                     0x08000473   Thumb Code     0  startup_stm32f303xc.o(.text)
    COMP7_IRQHandler                         0x08000473   Thumb Code     0  startup_stm32f303xc.o(.text)
    DMA1_Channel1_IRQHandler                 0x08000473   Thumb Code     0  startup_stm32f303xc.o(.text)
    DMA1_Channel2_IRQHandler                 0x08000473   Thumb Code     0  startup_stm32f303xc.o(.text)
    DMA1_Channel3_IRQHandler                 0x08000473   Thumb Code     0  startup_stm32f303xc.o(.text)
    DMA1_Channel4_IRQHandler                 0x08000473   Thumb Code     0  startup_stm32f303xc.o(.text)
    DMA1_Channel5_IRQHandler                 0x08000473   Thumb Code     0  startup_stm32f303xc.o(.text)
    DMA1_Channel6_IRQHandler                 0x08000473   Thumb Code     0  startup_stm32f303xc.o(.text)
    DMA1_Channel7_IRQHandler                 0x08000473   Thumb Code     0  startup_stm32f303xc.o(.text)
    DMA2_Channel1_IRQHandler                 0x08000473   Thumb Code     0  startup_stm32f303xc.o(.text)
    DMA2_Channel2_IRQHandler                 0x08000473   Thumb Code     0  startup_stm32f303xc.o(.text)
    DMA2_Channel3_IRQHandler                 0x08000473   Thumb Code     0  startup_stm32f303xc.o(.text)
    DMA2_Channel4_IRQHandler                 0x08000473   Thumb Code     0  startup_stm32f303xc.o(.text)
    DMA2_Channel5_IRQHandler                 0x08000473   Thumb Code     0  startup_stm32f303xc.o(.text)
    EXTI0_IRQHandler                         0x08000473   Thumb Code     0  startup_stm32f303xc.o(.text)
    EXTI15_10_IRQHandler                     0x08000473   Thumb Code     0  startup_stm32f303xc.o(.text)
    EXTI1_IRQHandler                         0x08000473   Thumb Code     0  startup_stm32f303xc.o(.text)
    EXTI2_TSC_IRQHandler                     0x08000473   Thumb Code     0  startup_stm32f303xc.o(.text)
    EXTI3_IRQHandler                         0x08000473   Thumb Code     0  startup_stm32f303xc.o(.text)
    EXTI4_IRQHandler                         0x08000473   Thumb Code     0  startup_stm32f303xc.o(.text)
    EXTI9_5_IRQHandler                       0x08000473   Thumb Code     0  startup_stm32f303xc.o(.text)
    FLASH_IRQHandler                         0x08000473   Thumb Code     0  startup_stm32f303xc.o(.text)
    FPU_IRQHandler                           0x08000473   Thumb Code     0  startup_stm32f303xc.o(.text)
    I2C1_ER_IRQHandler                       0x08000473   Thumb Code     0  startup_stm32f303xc.o(.text)
    I2C1_EV_IRQHandler                       0x08000473   Thumb Code     0  startup_stm32f303xc.o(.text)
    I2C2_ER_IRQHandler                       0x08000473   Thumb Code     0  startup_stm32f303xc.o(.text)
    I2C2_EV_IRQHandler                       0x08000473   Thumb Code     0  startup_stm32f303xc.o(.text)
    PVD_IRQHandler                           0x08000473   Thumb Code     0  startup_stm32f303xc.o(.text)
    RCC_IRQHandler                           0x08000473   Thumb Code     0  startup_stm32f303xc.o(.text)
    RTC_Alarm_IRQHandler                     0x08000473   Thumb Code     0  startup_stm32f303xc.o(.text)
    RTC_WKUP_IRQHandler                      0x08000473   Thumb Code     0  startup_stm32f303xc.o(.text)
    SPI1_IRQHandler                          0x08000473   Thumb Code     0  startup_stm32f303xc.o(.text)
    SPI2_IRQHandler                          0x08000473   Thumb Code     0  startup_stm32f303xc.o(.text)
    SPI3_IRQHandler                          0x08000473   Thumb Code     0  startup_stm32f303xc.o(.text)
    TAMP_STAMP_IRQHandler                    0x08000473   Thumb Code     0  startup_stm32f303xc.o(.text)
    TIM1_BRK_TIM15_IRQHandler                0x08000473   Thumb Code     0  startup_stm32f303xc.o(.text)
    TIM1_CC_IRQHandler                       0x08000473   Thumb Code     0  startup_stm32f303xc.o(.text)
    TIM1_TRG_COM_TIM17_IRQHandler            0x08000473   Thumb Code     0  startup_stm32f303xc.o(.text)
    TIM1_UP_TIM16_IRQHandler                 0x08000473   Thumb Code     0  startup_stm32f303xc.o(.text)
    TIM2_IRQHandler                          0x08000473   Thumb Code     0  startup_stm32f303xc.o(.text)
    TIM3_IRQHandler                          0x08000473   Thumb Code     0  startup_stm32f303xc.o(.text)
    TIM4_IRQHandler                          0x08000473   Thumb Code     0  startup_stm32f303xc.o(.text)
    TIM6_DAC_IRQHandler                      0x08000473   Thumb Code     0  startup_stm32f303xc.o(.text)
    TIM7_IRQHandler                          0x08000473   Thumb Code     0  startup_stm32f303xc.o(.text)
    TIM8_BRK_IRQHandler                      0x08000473   Thumb Code     0  startup_stm32f303xc.o(.text)
    TIM8_CC_IRQHandler                       0x08000473   Thumb Code     0  startup_stm32f303xc.o(.text)
    TIM8_TRG_COM_IRQHandler                  0x08000473   Thumb Code     0  startup_stm32f303xc.o(.text)
    TIM8_UP_IRQHandler                       0x08000473   Thumb Code     0  startup_stm32f303xc.o(.text)
    UART4_IRQHandler                         0x08000473   Thumb Code     0  startup_stm32f303xc.o(.text)
    UART5_IRQHandler                         0x08000473   Thumb Code     0  startup_stm32f303xc.o(.text)
    USART1_IRQHandler                        0x08000473   Thumb Code     0  startup_stm32f303xc.o(.text)
    USART2_IRQHandler                        0x08000473   Thumb Code     0  startup_stm32f303xc.o(.text)
    USART3_IRQHandler                        0x08000473   Thumb Code     0  startup_stm32f303xc.o(.text)
    USBWakeUp_IRQHandler                     0x08000473   Thumb Code     0  startup_stm32f303xc.o(.text)
    USBWakeUp_RMP_IRQHandler                 0x08000473   Thumb Code     0  startup_stm32f303xc.o(.text)
    USB_HP_CAN_TX_IRQHandler                 0x08000473   Thumb Code     0  startup_stm32f303xc.o(.text)
    USB_HP_IRQHandler                        0x08000473   Thumb Code     0  startup_stm32f303xc.o(.text)
    USB_LP_CAN_RX0_IRQHandler                0x08000473   Thumb Code     0  startup_stm32f303xc.o(.text)
    USB_LP_IRQHandler                        0x08000473   Thumb Code     0  startup_stm32f303xc.o(.text)
    WWDG_IRQHandler                          0x08000473   Thumb Code     0  startup_stm32f303xc.o(.text)
    SystemInit                               0x0800047d   Thumb Code   104  system_stm32f3xx.o(.text)
    SystemCoreClockUpdate                    0x080004e5   Thumb Code   138  system_stm32f3xx.o(.text)
    __scatterload                            0x08000595   Thumb Code    28  init.o(.text)
    __scatterload_rt2                        0x08000595   Thumb Code     0  init.o(.text)
    __scatterload_copy                       0x080005b9   Thumb Code    14  handlers.o(i.__scatterload_copy)
    __scatterload_null                       0x080005c7   Thumb Code     2  handlers.o(i.__scatterload_null)
    __scatterload_zeroinit                   0x080005c9   Thumb Code    14  handlers.o(i.__scatterload_zeroinit)
    led_mask                                 0x080005d8   Data          32  led_stm32f3-discovery.o(.constdata)
    Region$$Table$$Base                      0x080005f8   Number         0  anon$$obj.o(Region$$Table)
    Region$$Table$$Limit                     0x08000618   Number         0  anon$$obj.o(Region$$Table)
    msTicks                                  0x20000000   Data           4  blinky.o(.data)
    SystemCoreClock                          0x20000004   Data           4  system_stm32f3xx.o(.data)
    AHBPrescTable                            0x20000008   Data          16  system_stm32f3xx.o(.data)
    __initial_sp                             0x20000418   Data           0  startup_stm32f303xc.o(STACK)



==============================================================================

Memory Map of the image

  Image Entry point : 0x08000189

  Load Region LR_IROM1 (Base: 0x08000000, Size: 0x00000630, Max: 0x00040000, ABSOLUTE)

    Execution Region ER_IROM1 (Base: 0x08000000, Size: 0x00000618, Max: 0x00040000, ABSOLUTE)

    Base Addr    Size         Type   Attr      Idx    E Section Name        Object

    0x08000000   0x00000188   Data   RO          123    RESET               startup_stm32f303xc.o
    0x08000188   0x00000000   Code   RO          158  * .ARM.Collect$$$$00000000  mc_w.l(entry.o)
    0x08000188   0x00000004   Code   RO          161    .ARM.Collect$$$$00000001  mc_w.l(entry2.o)
    0x0800018c   0x00000004   Code   RO          164    .ARM.Collect$$$$00000004  mc_w.l(entry5.o)
    0x08000190   0x00000000   Code   RO          166    .ARM.Collect$$$$00000008  mc_w.l(entry7b.o)
    0x08000190   0x00000000   Code   RO          168    .ARM.Collect$$$$0000000A  mc_w.l(entry8b.o)
    0x08000190   0x00000008   Code   RO          169    .ARM.Collect$$$$0000000B  mc_w.l(entry9a.o)
    0x08000198   0x00000000   Code   RO          171    .ARM.Collect$$$$0000000D  mc_w.l(entry10a.o)
    0x08000198   0x00000000   Code   RO          173    .ARM.Collect$$$$0000000F  mc_w.l(entry11a.o)
    0x08000198   0x00000004   Code   RO          162    .ARM.Collect$$$$00002712  mc_w.l(entry2.o)
    0x0800019c   0x00000188   Code   RO            4    .text               blinky.o
    0x08000324   0x00000064   Code   RO           69    .text               buttons_stm32f3-discovery.o
    0x08000388   0x000000d0   Code   RO           97    .text               led_stm32f3-discovery.o
    0x08000458   0x00000024   Code   RO          124    .text               startup_stm32f303xc.o
    0x0800047c   0x00000118   Code   RO          131    .text               system_stm32f3xx.o
    0x08000594   0x00000024   Code   RO          175    .text               mc_w.l(init.o)
    0x080005b8   0x0000000e   Code   RO          179    i.__scatterload_copy  mc_w.l(handlers.o)
    0x080005c6   0x00000002   Code   RO          180    i.__scatterload_null  mc_w.l(handlers.o)
    0x080005c8   0x0000000e   Code   RO          181    i.__scatterload_zeroinit  mc_w.l(handlers.o)
    0x080005d6   0x00000002   PAD
    0x080005d8   0x00000020   Data   RO           98    .constdata          led_stm32f3-discovery.o
    0x080005f8   0x00000020   Data   RO          177    Region$$Table       anon$$obj.o


    Execution Region RW_IRAM1 (Base: 0x20000000, Size: 0x00000418, Max: 0x00008000, ABSOLUTE)

    Base Addr    Size         Type   Attr      Idx    E Section Name        Object

    0x20000000   0x00000004   Data   RW            5    .data               blinky.o
    0x20000004   0x00000014   Data   RW          132    .data               system_stm32f3xx.o
    0x20000018   0x00000400   Zero   RW          121    STACK               startup_stm32f303xc.o


==============================================================================

Image component sizes


      Code (inc. data)   RO Data    RW Data    ZI Data      Debug   Object Name

       392         24          0          4          0     250158   blinky.o
       100          4          0          0          0       1144   buttons_stm32f3-discovery.o
       208         22         32          0          0       2448   led_stm32f3-discovery.o
        36          8        392          0       1024        848   startup_stm32f303xc.o
       280         38          0         20          0       1655   system_stm32f3xx.o

    ----------------------------------------------------------------------
      1016         96        456         24       1024     256253   Object Totals
         0          0         32          0          0          0   (incl. Generated)
         0          0          0          0          0          0   (incl. Padding)

    ----------------------------------------------------------------------

      Code (inc. data)   RO Data    RW Data    ZI Data      Debug   Library Member Name

         0          0          0          0          0          0   entry.o
         0          0          0          0          0          0   entry10a.o
         0          0          0          0          0          0   entry11a.o
         8          4          0          0          0          0   entry2.o
         4          0          0          0          0          0   entry5.o
         0          0          0          0          0          0   entry7b.o
         0          0          0          0          0          0   entry8b.o
         8          4          0          0          0          0   entry9a.o
        30          0          0          0          0          0   handlers.o
        36          8          0          0          0         68   init.o

    ----------------------------------------------------------------------
        88         16          0          0          0         68   Library Totals
         2          0          0          0          0          0   (incl. Padding)

    ----------------------------------------------------------------------

      Code (inc. data)   RO Data    RW Data    ZI Data      Debug   Library Name

        86         16          0          0          0         68   mc_w.l

    ----------------------------------------------------------------------
        88         16          0          0          0         68   Library Totals

    ----------------------------------------------------------------------

==============================================================================


      Code (inc. data)   RO Data    RW Data    ZI Data      Debug   

      1104        112        456         24       1024     256025   Grand Totals
      1104        112        456         24       1024     256025   ELF Image Totals
      1104        112        456         24          0          0   ROM Totals

==============================================================================

    Total RO  Size (Code + RO Data)                 1560 (   1.52kB)
    Total RW  Size (RW Data + ZI Data)              1048 (   1.02kB)
    Total ROM Size (Code + RO Data + RW Data)       1584 (   1.55kB)

==============================================================================

