<html>
<body>
<pre>
<h1>µVision Build Log</h1>
<h2>Tool Versions:</h2>
IDE-Version: µVision V5.18.0.0
Copyright (C) 2016 ARM Ltd and ARM Germany GmbH. All rights reserved.
License Information: tee athit_vue@hotmail.com, student, LIC=----
 
Tool Versions:
Toolchain:       MDK-Lite  Version: 5.18
Toolchain Path:  C:\Keil_v5\ARM\ARMCC\Bin
C Compiler:      Armcc.exe V5.06 update 1 (build 61)
Assembler:       Armasm.exe V5.06 update 1 (build 61)
Linker/Locator:  ArmLink.exe V5.06 update 1 (build 61)
Library Manager: ArmAr.exe V5.06 update 1 (build 61)
Hex Converter:   FromElf.exe V5.06 update 1 (build 61)
CPU DLL:         SARMCM3.DLL V5.18
Dialog DLL:      DCM.DLL V1.13.6.0
Target DLL:      STLink\ST-LINKIII-KEIL_SWO.dll V2.0.18.0
Dialog DLL:      TCM.DLL V1.14.8.0
 
<h2>Project:</h2>
C:\Users\athit\Desktop\EECE 237\Blinky_mini\Blinky.uvprojx
Project File Date:  02/25/2016

<h2>Output:</h2>
*** Using Compiler 'V5.06 update 1 (build 61)', folder: 'C:\Keil_v5\ARM\ARMCC\Bin'
Rebuild target 'STM32F303 Flash'
assembling startup_stm32f303xc.s...
compiling Buttons_STM32F3-Discovery.c...
compiling LED_STM32F3-Discovery.c...
compiling system_stm32f3xx.c...
compiling Blinky.c...
linking...
Program Size: Code=1104 RO-data=456 RW-data=24 ZI-data=1024  
".\Flash\Blinky.axf" - 0 Error(s), 0 Warning(s).

<h2>Software Packages used:</h2>

Package Vendor: ARM
                http://www.keil.com/pack/ARM.CMSIS.4.5.0.pack
                ARM::CMSIS:CORE:4.3.0
                CMSIS (Cortex Microcontroller Software Interface Standard)
   * Component: CORE Version: 4.3.0

Package Vendor: Keil
                http://www.keil.com/pack/Keil.MDK-Middleware.7.0.0.pack
                ::Board Support:LED:1.00 (API)
                Keil MDK-ARM Professional Middleware for ARM Cortex-M based devices
   * Component: LED Version: 1.00
   * Component: Buttons Version: 1.00

Package Vendor: Keil
                http://www.keil.com/pack/Keil.STM32F3xx_DFP.1.3.0.pack
                Keil::Device:Startup:1.3.0
                STMicroelectronics STM32F3 Series Device Support and Examples
   * Component: Startup Version: 1.3.0
   * Component: LED Version: 1.0.1
   * Component: Buttons Version: 1.0.1

<h2>Collection of Component include folders:</h2>
  C:\Users\athit\Desktop\EECE 237\Blinky_mini\RTE
  C:\Keil_v5\ARM\PACK\ARM\CMSIS\4.5.0\CMSIS\Include
  C:\Keil_v5\ARM\PACK\Keil\MDK-Middleware\7.0.0\Board
  C:\Keil_v5\ARM\PACK\Keil\STM32F3xx_DFP\1.3.0\Device\Include

<h2>Collection of Component Files used:</h2>

   * Component: ARM::CMSIS:CORE:4.3.0

   * Component: ::Board Support:LED:1.00 (API)
      Include file:  Board\Board_LED.h

   * Component: ::Board Support:Buttons:1.00 (API)
      Include file:  Board\Board_Buttons.h

   * Component: Keil::Device:Startup:1.3.0
      Source file:   Device\Source\ARM\STM32F3xx_OPT.s
      Source file:   Device\Source\system_stm32f3xx.c
      Source file:   Device\Source\ARM\startup_stm32f303xc.s

   * Component: Keil.STM32F3-Discovery::Board Support:LED:1.0.1
      Source file:   Boards\ST\STM32F3-Discovery\Common\LED_STM32F3-Discovery.c

   * Component: Keil.STM32F3-Discovery::Board Support:Buttons:1.0.1
      Source file:   Boards\ST\STM32F3-Discovery\Common\Buttons_STM32F3-Discovery.c
Build Time Elapsed:  00:00:00
</pre>
</body>
</html>
