Component: ARM Compiler 5.06 update 1 (build 61) Tool: armlink [4d35a8]

==============================================================================

Section Cross References

    startup_stm32f30x.o(RESET) refers to startup_stm32f30x.o(STACK) for __initial_sp
    startup_stm32f30x.o(RESET) refers to startup_stm32f30x.o(.text) for Reset_Handler
    startup_stm32f30x.o(RESET) refers to stm32f30x_it.o(i.NMI_Handler) for NMI_Handler
    startup_stm32f30x.o(RESET) refers to stm32f30x_it.o(i.HardFault_Handler) for HardFault_Handler
    startup_stm32f30x.o(RESET) refers to stm32f30x_it.o(i.MemManage_Handler) for MemManage_Handler
    startup_stm32f30x.o(RESET) refers to stm32f30x_it.o(i.BusFault_Handler) for BusFault_Handler
    startup_stm32f30x.o(RESET) refers to stm32f30x_it.o(i.UsageFault_Handler) for UsageFault_Handler
    startup_stm32f30x.o(RESET) refers to stm32f30x_it.o(i.SVC_Handler) for SVC_Handler
    startup_stm32f30x.o(RESET) refers to stm32f30x_it.o(i.DebugMon_Handler) for DebugMon_Handler
    startup_stm32f30x.o(RESET) refers to stm32f30x_it.o(i.PendSV_Handler) for PendSV_Handler
    startup_stm32f30x.o(RESET) refers to lcd_hello.o(i.SysTick_Handler) for SysTick_Handler
    startup_stm32f30x.o(RESET) refers to lcd_hello.o(i.EXTI0_IRQHandler) for EXTI0_IRQHandler
    startup_stm32f30x.o(.text) refers to system_stm32f30x.o(i.SystemInit) for SystemInit
    startup_stm32f30x.o(.text) refers to entry.o(.ARM.Collect$$$$00000000) for __main
    stm32f3_discovery.o(i.STM_EVAL_LEDInit) refers to stm32f30x_rcc.o(i.RCC_AHBPeriphClockCmd) for RCC_AHBPeriphClockCmd
    stm32f3_discovery.o(i.STM_EVAL_LEDInit) refers to stm32f30x_gpio.o(i.GPIO_Init) for GPIO_Init
    stm32f3_discovery.o(i.STM_EVAL_LEDInit) refers to stm32f3_discovery.o(.constdata) for .constdata
    stm32f3_discovery.o(i.STM_EVAL_LEDInit) refers to stm32f3_discovery.o(.data) for .data
    stm32f3_discovery.o(i.STM_EVAL_LEDOff) refers to stm32f3_discovery.o(.constdata) for .constdata
    stm32f3_discovery.o(i.STM_EVAL_LEDOff) refers to stm32f3_discovery.o(.data) for .data
    stm32f3_discovery.o(i.STM_EVAL_LEDOn) refers to stm32f3_discovery.o(.constdata) for .constdata
    stm32f3_discovery.o(i.STM_EVAL_LEDOn) refers to stm32f3_discovery.o(.data) for .data
    stm32f3_discovery.o(i.STM_EVAL_LEDToggle) refers to stm32f3_discovery.o(.data) for .data
    stm32f3_discovery.o(i.STM_EVAL_LEDToggle) refers to stm32f3_discovery.o(.constdata) for .constdata
    stm32f3_discovery.o(i.STM_EVAL_PBGetState) refers to stm32f30x_gpio.o(i.GPIO_ReadInputDataBit) for GPIO_ReadInputDataBit
    stm32f3_discovery.o(i.STM_EVAL_PBGetState) refers to stm32f3_discovery.o(.constdata) for .constdata
    stm32f3_discovery.o(i.STM_EVAL_PBGetState) refers to stm32f3_discovery.o(.data) for .data
    stm32f3_discovery.o(i.STM_EVAL_PBInit) refers to stm32f30x_rcc.o(i.RCC_AHBPeriphClockCmd) for RCC_AHBPeriphClockCmd
    stm32f3_discovery.o(i.STM_EVAL_PBInit) refers to stm32f30x_rcc.o(i.RCC_APB2PeriphClockCmd) for RCC_APB2PeriphClockCmd
    stm32f3_discovery.o(i.STM_EVAL_PBInit) refers to stm32f30x_gpio.o(i.GPIO_Init) for GPIO_Init
    stm32f3_discovery.o(i.STM_EVAL_PBInit) refers to stm32f30x_syscfg.o(i.SYSCFG_EXTILineConfig) for SYSCFG_EXTILineConfig
    stm32f3_discovery.o(i.STM_EVAL_PBInit) refers to stm32f30x_exti.o(i.EXTI_Init) for EXTI_Init
    stm32f3_discovery.o(i.STM_EVAL_PBInit) refers to stm32f30x_misc.o(i.NVIC_Init) for NVIC_Init
    stm32f3_discovery.o(i.STM_EVAL_PBInit) refers to stm32f3_discovery.o(.constdata) for .constdata
    stm32f3_discovery.o(i.STM_EVAL_PBInit) refers to stm32f3_discovery.o(.data) for .data
    stm32f30x_adc.o(i.ADC_DeInit) refers to stm32f30x_rcc.o(i.RCC_AHBPeriphResetCmd) for RCC_AHBPeriphResetCmd
    stm32f30x_can.o(i.CAN_DeInit) refers to stm32f30x_rcc.o(i.RCC_APB1PeriphResetCmd) for RCC_APB1PeriphResetCmd
    stm32f30x_dac.o(i.DAC_DeInit) refers to stm32f30x_rcc.o(i.RCC_APB1PeriphResetCmd) for RCC_APB1PeriphResetCmd
    stm32f30x_flash.o(i.FLASH_EraseAllPages) refers to stm32f30x_flash.o(i.FLASH_WaitForLastOperation) for FLASH_WaitForLastOperation
    stm32f30x_flash.o(i.FLASH_ErasePage) refers to stm32f30x_flash.o(i.FLASH_WaitForLastOperation) for FLASH_WaitForLastOperation
    stm32f30x_flash.o(i.FLASH_OB_BOOTConfig) refers to stm32f30x_flash.o(i.FLASH_WaitForLastOperation) for FLASH_WaitForLastOperation
    stm32f30x_flash.o(i.FLASH_OB_EnableWRP) refers to stm32f30x_flash.o(i.FLASH_WaitForLastOperation) for FLASH_WaitForLastOperation
    stm32f30x_flash.o(i.FLASH_OB_Erase) refers to stm32f30x_flash.o(i.FLASH_WaitForLastOperation) for FLASH_WaitForLastOperation
    stm32f30x_flash.o(i.FLASH_OB_RDPConfig) refers to stm32f30x_flash.o(i.FLASH_WaitForLastOperation) for FLASH_WaitForLastOperation
    stm32f30x_flash.o(i.FLASH_OB_SRAMParityConfig) refers to stm32f30x_flash.o(i.FLASH_WaitForLastOperation) for FLASH_WaitForLastOperation
[...]
    printfa.o(i.__0vsnprintf) refers to printfa.o(i._printf_core) for _printf_core
    printfa.o(i.__0vsnprintf) refers to printfa.o(i._snputc) for _snputc
    printfa.o(i.__0vsprintf) refers (Special) to iusefp.o(.text) for __I$use$fp
    printfa.o(i.__0vsprintf) refers to printfa.o(i._printf_core) for _printf_core
    printfa.o(i.__0vsprintf) refers to printfa.o(i._sputc) for _sputc
    printfa.o(i._fp_digits) refers (Special) to iusefp.o(.text) for __I$use$fp
    printfa.o(i._fp_digits) refers to dmul.o(.text) for __aeabi_dmul
    printfa.o(i._fp_digits) refers to ddiv.o(.text) for __aeabi_ddiv
    printfa.o(i._fp_digits) refers to cdrcmple.o(.text) for __aeabi_cdrcmple
    printfa.o(i._fp_digits) refers to dadd.o(.text) for __aeabi_dadd
    printfa.o(i._fp_digits) refers to dfixul.o(.text) for __aeabi_d2ulz
    printfa.o(i._fp_digits) refers to uldiv.o(.text) for __aeabi_uldivmod
    printfa.o(i._printf_core) refers (Special) to iusefp.o(.text) for __I$use$fp
    printfa.o(i._printf_core) refers to printfa.o(i._printf_pre_padding) for _printf_pre_padding
    printfa.o(i._printf_core) refers to uldiv.o(.text) for __aeabi_uldivmod
    printfa.o(i._printf_core) refers to printfa.o(i._printf_post_padding) for _printf_post_padding
    printfa.o(i._printf_core) refers to printfa.o(i._fp_digits) for _fp_digits
    printfa.o(i._printf_core) refers to uidiv.o(.text) for __aeabi_uidivmod
    printfa.o(i._printf_post_padding) refers (Special) to iusefp.o(.text) for __I$use$fp
    printfa.o(i._printf_pre_padding) refers (Special) to iusefp.o(.text) for __I$use$fp
    printfa.o(i._snputc) refers (Special) to iusefp.o(.text) for __I$use$fp
    printfa.o(i._sputc) refers (Special) to iusefp.o(.text) for __I$use$fp
    entry2.o(.ARM.Collect$$$$00000001) refers to entry2.o(.ARM.Collect$$$$00002712) for __lit__00000000
    entry2.o(.ARM.Collect$$$$00002712) refers to startup_stm32f30x.o(STACK) for __initial_sp
    entry2.o(__vectab_stack_and_reset_area) refers to startup_stm32f30x.o(STACK) for __initial_sp
    entry2.o(__vectab_stack_and_reset_area) refers to entry.o(.ARM.Collect$$$$00000000) for __main
    entry5.o(.ARM.Collect$$$$00000004) refers to init.o(.text) for __scatterload
    entry9a.o(.ARM.Collect$$$$0000000B) refers to lcd_hello.o(i.main) for main
    entry9b.o(.ARM.Collect$$$$0000000C) refers to lcd_hello.o(i.main) for main
    fputc.o(i.fputc) refers (Special) to iusesemip.o(.text) for __I$use$semihosting$fputc
    fputc.o(i.fputc) refers (Special) to semi.o(.text) for __semihosting_library_function
    uldiv.o(.text) refers to llushr.o(.text) for __aeabi_llsr
    uldiv.o(.text) refers to llshl.o(.text) for __aeabi_llsl
    dadd.o(.text) refers to llshl.o(.text) for __aeabi_llsl
    dadd.o(.text) refers to llsshr.o(.text) for __aeabi_lasr
    dadd.o(.text) refers to depilogue.o(.text) for _double_epilogue
    dmul.o(.text) refers to depilogue.o(.text) for _double_epilogue
    ddiv.o(.text) refers to depilogue.o(.text) for _double_round
    dfixul.o(.text) refers to llushr.o(.text) for __aeabi_llsr
    dfixul.o(.text) refers to llshl.o(.text) for __aeabi_llsl
    init.o(.text) refers to entry5.o(.ARM.Collect$$$$00000004) for __main_after_scatterload
    depilogue.o(.text) refers to llshl.o(.text) for __aeabi_llsl
    depilogue.o(.text) refers to llushr.o(.text) for __aeabi_llsr


==============================================================================

Removing Unused input sections from the image.

    Removing startup_stm32f30x.o(HEAP), (512 bytes).
    Removing stm32f3_discovery.o(.rev16_text), (4 bytes).
    Removing stm32f3_discovery.o(.revsh_text), (4 bytes).
    Removing stm32f3_discovery.o(.rrx_text), (6 bytes).
    Removing stm32f3_discovery.o(i.STM_EVAL_LEDInit), (76 bytes).
    Removing stm32f3_discovery.o(i.STM_EVAL_LEDOff), (24 bytes).
    Removing stm32f3_discovery.o(i.STM_EVAL_LEDOn), (24 bytes).
    Removing stm32f3_discovery.o(i.STM_EVAL_LEDToggle), (28 bytes).
    Removing stm32f3_discovery.o(i.STM_EVAL_PBInit), (164 bytes).
    Removing stm32f30x_adc.o(.rev16_text), (4 bytes).
    Removing stm32f30x_adc.o(.revsh_text), (4 bytes).
    Removing stm32f30x_adc.o(.rrx_text), (6 bytes).
    Removing stm32f30x_adc.o(i.ADC_AnalogWatchdog1SingleChannelConfig), (14 bytes).
    Removing stm32f30x_adc.o(i.ADC_AnalogWatchdog1ThresholdsConfig), (32 bytes).
    Removing stm32f30x_adc.o(i.ADC_AnalogWatchdog2SingleChannelConfig), (28 bytes).
    Removing stm32f30x_adc.o(i.ADC_AnalogWatchdog2ThresholdsConfig), (32 bytes).
    Removing stm32f30x_adc.o(i.ADC_AnalogWatchdog3SingleChannelConfig), (28 bytes).
    Removing stm32f30x_adc.o(i.ADC_AnalogWatchdog3ThresholdsConfig), (32 bytes).
    Removing stm32f30x_adc.o(i.ADC_AnalogWatchdogCmd), (12 bytes).
    Removing stm32f30x_adc.o(i.ADC_AutoDelayCmd), (18 bytes).
    Removing stm32f30x_adc.o(i.ADC_AutoInjectedConvCmd), (18 bytes).
    Removing stm32f30x_adc.o(i.ADC_ChannelOffset1Cmd), (18 bytes).
    Removing stm32f30x_adc.o(i.ADC_ChannelOffset2Cmd), (18 bytes).
    Removing stm32f30x_adc.o(i.ADC_ChannelOffset3Cmd), (18 bytes).
    Removing stm32f30x_adc.o(i.ADC_ChannelOffset4Cmd), (18 bytes).
    Removing stm32f30x_adc.o(i.ADC_ClearCommonFlag), (48 bytes).
    Removing stm32f30x_adc.o(i.ADC_ClearFlag), (4 bytes).
    Removing stm32f30x_adc.o(i.ADC_ClearITPendingBit), (8 bytes).
    Removing stm32f30x_adc.o(i.ADC_Cmd), (18 bytes).
    Removing stm32f30x_adc.o(i.ADC_CommonInit), (84 bytes).
    Removing stm32f30x_adc.o(i.ADC_CommonStructInit), (14 bytes).
    Removing stm32f30x_adc.o(i.ADC_DMACmd), (18 bytes).
    Removing stm32f30x_adc.o(i.ADC_DMAConfig), (16 bytes).
    Removing stm32f30x_adc.o(i.ADC_DeInit), (82 bytes).
    Removing stm32f30x_adc.o(i.ADC_DisableCmd), (10 bytes).
    Removing stm32f30x_adc.o(i.ADC_DiscModeChannelCountConfig), (16 bytes).
    Removing stm32f30x_adc.o(i.ADC_DiscModeCmd), (18 bytes).
    Removing stm32f30x_adc.o(i.ADC_ExternalTriggerConfig), (18 bytes).
    Removing stm32f30x_adc.o(i.ADC_ExternalTriggerInjectedConfig), (18 bytes).
    Removing stm32f30x_adc.o(i.ADC_GetCalibrationStatus), (16 bytes).
    Removing stm32f30x_adc.o(i.ADC_GetCalibrationValue), (6 bytes).
    Removing stm32f30x_adc.o(i.ADC_GetCommonFlagStatus), (44 bytes).
    Removing stm32f30x_adc.o(i.ADC_GetConversionValue), (6 bytes).
    Removing stm32f30x_adc.o(i.ADC_GetDisableCmdStatus), (16 bytes).
    Removing stm32f30x_adc.o(i.ADC_GetDualModeConversionValue), (36 bytes).
    Removing stm32f30x_adc.o(i.ADC_GetFlagStatus), (14 bytes).
    Removing stm32f30x_adc.o(i.ADC_GetITStatus), (24 bytes).
    Removing stm32f30x_adc.o(i.ADC_GetInjectedConversionValue), (16 bytes).
    Removing stm32f30x_adc.o(i.ADC_GetStartConversionStatus), (16 bytes).
    Removing stm32f30x_adc.o(i.ADC_GetStartInjectedConversionStatus), (16 bytes).
    Removing stm32f30x_adc.o(i.ADC_ITConfig), (16 bytes).
    Removing stm32f30x_adc.o(i.ADC_Init), (80 bytes).
    Removing stm32f30x_adc.o(i.ADC_InjectedChannelConfig), (92 bytes).
    Removing stm32f30x_adc.o(i.ADC_InjectedDiscModeCmd), (18 bytes).
    Removing stm32f30x_adc.o(i.ADC_InjectedInit), (44 bytes).
    Removing stm32f30x_adc.o(i.ADC_InjectedSequencerLengthConfig), (14 bytes).
    Removing stm32f30x_adc.o(i.ADC_InjectedStructInit), (20 bytes).
    Removing stm32f30x_adc.o(i.ADC_RegularChannelConfig), (218 bytes).
    Removing stm32f30x_adc.o(i.ADC_RegularChannelSequencerLengthConfig), (18 bytes).
    Removing stm32f30x_adc.o(i.ADC_SelectCalibrationMode), (16 bytes).
    Removing stm32f30x_adc.o(i.ADC_SelectDifferentialMode), (26 bytes).
    Removing stm32f30x_adc.o(i.ADC_SelectQueueOfContextMode), (18 bytes).
    Removing stm32f30x_adc.o(i.ADC_SetCalibrationValue), (6 bytes).
    Removing stm32f30x_adc.o(i.ADC_SetChannelOffset1), (32 bytes).
    Removing stm32f30x_adc.o(i.ADC_SetChannelOffset2), (32 bytes).
    Removing stm32f30x_adc.o(i.ADC_SetChannelOffset3), (32 bytes).
    Removing stm32f30x_adc.o(i.ADC_SetChannelOffset4), (32 bytes).
    Removing stm32f30x_adc.o(i.ADC_StartCalibration), (10 bytes).
    Removing stm32f30x_adc.o(i.ADC_StartConversion), (10 bytes).
    Removing stm32f30x_adc.o(i.ADC_StartInjectedConversion), (10 bytes).
    Removing stm32f30x_adc.o(i.ADC_StopConversion), (10 bytes).
    Removing stm32f30x_adc.o(i.ADC_StopInjectedConversion), (10 bytes).
    Removing stm32f30x_adc.o(i.ADC_StructInit), (22 bytes).
    Removing stm32f30x_adc.o(i.ADC_TempSensorCmd), (68 bytes).
    Removing stm32f30x_adc.o(i.ADC_VbatCmd), (68 bytes).
    Removing stm32f30x_adc.o(i.ADC_VoltageRegulatorCmd), (26 bytes).
    Removing stm32f30x_adc.o(i.ADC_VrefintCmd), (68 bytes).
    Removing stm32f30x_can.o(.rev16_text), (4 bytes).
    Removing stm32f30x_can.o(.revsh_text), (4 bytes).
    Removing stm32f30x_can.o(.rrx_text), (6 bytes).
    Removing stm32f30x_can.o(i.CAN_CancelTransmit), (40 bytes).
    Removing stm32f30x_can.o(i.CAN_ClearFlag), (52 bytes).
    Removing stm32f30x_can.o(i.CAN_ClearITPendingBit), (156 bytes).
    Removing stm32f30x_can.o(i.CAN_DBGFreeze), (18 bytes).
    Removing stm32f30x_can.o(i.CAN_DeInit), (24 bytes).
    Removing stm32f30x_can.o(i.CAN_FIFORelease), (22 bytes).
    Removing stm32f30x_can.o(i.CAN_FilterInit), (240 bytes).
    Removing stm32f30x_can.o(i.CAN_GetFlagStatus), (82 bytes).
    Removing stm32f30x_can.o(i.CAN_GetITStatus), (272 bytes).
    Removing stm32f30x_can.o(i.CAN_GetLSBTransmitErrorCounter), (8 bytes).
    Removing stm32f30x_can.o(i.CAN_GetLastErrorCode), (10 bytes).
    Removing stm32f30x_can.o(i.CAN_GetReceiveErrorCounter), (6 bytes).
    Removing stm32f30x_can.o(i.CAN_ITConfig), (16 bytes).
    Removing stm32f30x_can.o(i.CAN_Init), (246 bytes).
    Removing stm32f30x_can.o(i.CAN_MessagePending), (26 bytes).
    Removing stm32f30x_can.o(i.CAN_OperatingModeRequest), (138 bytes).
    Removing stm32f30x_can.o(i.CAN_Receive), (180 bytes).
    Removing stm32f30x_can.o(i.CAN_SlaveStartBank), (44 bytes).
    Removing stm32f30x_can.o(i.CAN_Sleep), (30 bytes).
    Removing stm32f30x_can.o(i.CAN_StructInit), (32 bytes).
    Removing stm32f30x_can.o(i.CAN_TTComModeCmd), (90 bytes).
    Removing stm32f30x_can.o(i.CAN_Transmit), (194 bytes).
    Removing stm32f30x_can.o(i.CAN_TransmitStatus), (124 bytes).
    Removing stm32f30x_can.o(i.CAN_WakeUp), (42 bytes).
    Removing stm32f30x_comp.o(.rev16_text), (4 bytes).
    Removing stm32f30x_comp.o(.revsh_text), (4 bytes).
    Removing stm32f30x_comp.o(.rrx_text), (6 bytes).
    Removing stm32f30x_comp.o(i.COMP_Cmd), (26 bytes).
    Removing stm32f30x_comp.o(i.COMP_DeInit), (14 bytes).
    Removing stm32f30x_comp.o(i.COMP_GetOutputLevel), (26 bytes).
    Removing stm32f30x_comp.o(i.COMP_Init), (66 bytes).
    Removing stm32f30x_comp.o(i.COMP_LockConfig), (18 bytes).
    Removing stm32f30x_comp.o(i.COMP_StructInit), (20 bytes).
    Removing stm32f30x_comp.o(i.COMP_SwitchCmd), (26 bytes).
    Removing stm32f30x_comp.o(i.COMP_WindowCmd), (26 bytes).
    Removing stm32f30x_crc.o(.rev16_text), (4 bytes).
    Removing stm32f30x_crc.o(.revsh_text), (4 bytes).
    Removing stm32f30x_crc.o(.rrx_text), (6 bytes).
    Removing stm32f30x_crc.o(i.CRC_CalcBlockCRC), (60 bytes).
    Removing stm32f30x_crc.o(i.CRC_CalcCRC), (12 bytes).
    Removing stm32f30x_crc.o(i.CRC_CalcCRC16bits), (12 bytes).
    Removing stm32f30x_crc.o(i.CRC_CalcCRC8bits), (12 bytes).
    Removing stm32f30x_crc.o(i.CRC_DeInit), (32 bytes).
    Removing stm32f30x_crc.o(i.CRC_GetCRC), (12 bytes).
    Removing stm32f30x_crc.o(i.CRC_GetIDRegister), (12 bytes).
    Removing stm32f30x_crc.o(i.CRC_PolynomialSizeSelect), (20 bytes).
    Removing stm32f30x_crc.o(i.CRC_ResetDR), (16 bytes).
    Removing stm32f30x_crc.o(i.CRC_ReverseInputDataSelect), (20 bytes).
    Removing stm32f30x_crc.o(i.CRC_ReverseOutputDataCmd), (24 bytes).
    Removing stm32f30x_crc.o(i.CRC_SetIDRegister), (12 bytes).
    Removing stm32f30x_crc.o(i.CRC_SetInitRegister), (12 bytes).
    Removing stm32f30x_crc.o(i.CRC_SetPolynomial), (12 bytes).
    Removing stm32f30x_dac.o(.rev16_text), (4 bytes).
    Removing stm32f30x_dac.o(.revsh_text), (4 bytes).
    Removing stm32f30x_dac.o(.rrx_text), (6 bytes).
    Removing stm32f30x_dac.o(i.DAC_ClearFlag), (16 bytes).
    Removing stm32f30x_dac.o(i.DAC_ClearITPendingBit), (16 bytes).
    Removing stm32f30x_dac.o(i.DAC_Cmd), (28 bytes).
    Removing stm32f30x_dac.o(i.DAC_DMACmd), (28 bytes).
    Removing stm32f30x_dac.o(i.DAC_DeInit), (24 bytes).
    Removing stm32f30x_dac.o(i.DAC_DualSoftwareTriggerCmd), (24 bytes).
    Removing stm32f30x_dac.o(i.DAC_GetDataOutputValue), (24 bytes).
    Removing stm32f30x_dac.o(i.DAC_GetFlagStatus), (24 bytes).
    Removing stm32f30x_dac.o(i.DAC_GetITStatus), (40 bytes).
    Removing stm32f30x_dac.o(i.DAC_ITConfig), (28 bytes).
    Removing stm32f30x_dac.o(i.DAC_Init), (52 bytes).
    Removing stm32f30x_dac.o(i.DAC_SetChannel1Data), (22 bytes).
    Removing stm32f30x_dac.o(i.DAC_SetChannel2Data), (22 bytes).
    Removing stm32f30x_dac.o(i.DAC_SetDualChannelData), (24 bytes).
    Removing stm32f30x_dac.o(i.DAC_SoftwareTriggerCmd), (32 bytes).
    Removing stm32f30x_dac.o(i.DAC_StructInit), (12 bytes).
    Removing stm32f30x_dac.o(i.DAC_WaveGenerationCmd), (28 bytes).
    Removing stm32f30x_dbgmcu.o(.rev16_text), (4 bytes).
    Removing stm32f30x_dbgmcu.o(.revsh_text), (4 bytes).
    Removing stm32f30x_dbgmcu.o(.rrx_text), (6 bytes).
    Removing stm32f30x_dbgmcu.o(i.DBGMCU_APB1PeriphConfig), (24 bytes).
    Removing stm32f30x_dbgmcu.o(i.DBGMCU_APB2PeriphConfig), (24 bytes).
    Removing stm32f30x_dbgmcu.o(i.DBGMCU_Config), (24 bytes).
    Removing stm32f30x_dbgmcu.o(i.DBGMCU_GetDEVID), (16 bytes).
    Removing stm32f30x_dbgmcu.o(i.DBGMCU_GetREVID), (12 bytes).
    Removing stm32f30x_dma.o(.rev16_text), (4 bytes).
    Removing stm32f30x_dma.o(.revsh_text), (4 bytes).
    Removing stm32f30x_dma.o(.rrx_text), (6 bytes).
    Removing stm32f30x_dma.o(i.DMA_ClearFlag), (24 bytes).
    Removing stm32f30x_dma.o(i.DMA_ClearITPendingBit), (24 bytes).
    Removing stm32f30x_dma.o(i.DMA_Cmd), (20 bytes).
    Removing stm32f30x_dma.o(i.DMA_DeInit), (260 bytes).
    Removing stm32f30x_dma.o(i.DMA_GetCurrDataCounter), (6 bytes).
    Removing stm32f30x_dma.o(i.DMA_GetFlagStatus), (32 bytes).
    Removing stm32f30x_dma.o(i.DMA_GetITStatus), (32 bytes).
    Removing stm32f30x_dma.o(i.DMA_ITConfig), (16 bytes).
    Removing stm32f30x_dma.o(i.DMA_Init), (82 bytes).
    Removing stm32f30x_dma.o(i.DMA_SetCurrDataCounter), (4 bytes).
    Removing stm32f30x_dma.o(i.DMA_StructInit), (26 bytes).
    Removing stm32f30x_exti.o(.rev16_text), (4 bytes).
    Removing stm32f30x_exti.o(.revsh_text), (4 bytes).
    Removing stm32f30x_exti.o(.rrx_text), (6 bytes).
    Removing stm32f30x_exti.o(i.EXTI_ClearFlag), (28 bytes).
    Removing stm32f30x_exti.o(i.EXTI_DeInit), (76 bytes).
    Removing stm32f30x_exti.o(i.EXTI_GenerateSWInterrupt), (34 bytes).
    Removing stm32f30x_exti.o(i.EXTI_GetFlagStatus), (38 bytes).
    Removing stm32f30x_exti.o(i.EXTI_StructInit), (14 bytes).
    Removing stm32f30x_flash.o(.rev16_text), (4 bytes).
    Removing stm32f30x_flash.o(.revsh_text), (4 bytes).
    Removing stm32f30x_flash.o(.rrx_text), (6 bytes).
    Removing stm32f30x_flash.o(i.FLASH_ClearFlag), (12 bytes).
    Removing stm32f30x_flash.o(i.FLASH_EraseAllPages), (56 bytes).
    Removing stm32f30x_flash.o(i.FLASH_ErasePage), (60 bytes).
    Removing stm32f30x_flash.o(i.FLASH_GetFlagStatus), (20 bytes).
    Removing stm32f30x_flash.o(i.FLASH_GetStatus), (44 bytes).
    Removing stm32f30x_flash.o(i.FLASH_HalfCycleAccessCmd), (24 bytes).
    Removing stm32f30x_flash.o(i.FLASH_ITConfig), (24 bytes).
    Removing stm32f30x_flash.o(i.FLASH_Lock), (16 bytes).
    Removing stm32f30x_flash.o(i.FLASH_OB_BOOTConfig), (84 bytes).
    Removing stm32f30x_flash.o(i.FLASH_OB_EnableWRP), (100 bytes).
    Removing stm32f30x_flash.o(i.FLASH_OB_Erase), (120 bytes).
    Removing stm32f30x_flash.o(i.FLASH_OB_GetRDP), (20 bytes).
    Removing stm32f30x_flash.o(i.FLASH_OB_GetUser), (16 bytes).
    Removing stm32f30x_flash.o(i.FLASH_OB_GetWRP), (12 bytes).
    Removing stm32f30x_flash.o(i.FLASH_OB_Launch), (16 bytes).
    Removing stm32f30x_flash.o(i.FLASH_OB_Lock), (16 bytes).
    Removing stm32f30x_flash.o(i.FLASH_OB_RDPConfig), (116 bytes).
    Removing stm32f30x_flash.o(i.FLASH_OB_SRAMParityConfig), (68 bytes).
    Removing stm32f30x_flash.o(i.FLASH_OB_Unlock), (36 bytes).
    Removing stm32f30x_flash.o(i.FLASH_OB_UserConfig), (96 bytes).
    Removing stm32f30x_flash.o(i.FLASH_OB_VDDAConfig), (84 bytes).
    Removing stm32f30x_flash.o(i.FLASH_OB_WriteUser), (84 bytes).
    Removing stm32f30x_flash.o(i.FLASH_PrefetchBufferCmd), (24 bytes).
    Removing stm32f30x_flash.o(i.FLASH_ProgramHalfWord), (56 bytes).
    Removing stm32f30x_flash.o(i.FLASH_ProgramOptionByteData), (60 bytes).
    Removing stm32f30x_flash.o(i.FLASH_ProgramWord), (80 bytes).
    Removing stm32f30x_flash.o(i.FLASH_SetLatency), (20 bytes).
    Removing stm32f30x_flash.o(i.FLASH_Unlock), (36 bytes).
    Removing stm32f30x_flash.o(i.FLASH_WaitForLastOperation), (100 bytes).
    Removing stm32f30x_gpio.o(.rev16_text), (4 bytes).
    Removing stm32f30x_gpio.o(.revsh_text), (4 bytes).
    Removing stm32f30x_gpio.o(.rrx_text), (6 bytes).
    Removing stm32f30x_gpio.o(i.GPIO_DeInit), (176 bytes).
    Removing stm32f30x_gpio.o(i.GPIO_PinLockConfig), (16 bytes).
    Removing stm32f30x_gpio.o(i.GPIO_ReadInputData), (4 bytes).
    Removing stm32f30x_gpio.o(i.GPIO_ReadOutputData), (4 bytes).
    Removing stm32f30x_gpio.o(i.GPIO_ReadOutputDataBit), (14 bytes).
    Removing stm32f30x_gpio.o(i.GPIO_ResetBits), (4 bytes).
    Removing stm32f30x_gpio.o(i.GPIO_SetBits), (4 bytes).
    Removing stm32f30x_gpio.o(i.GPIO_StructInit), (20 bytes).
    Removing stm32f30x_gpio.o(i.GPIO_Write), (4 bytes).
    Removing stm32f30x_gpio.o(i.GPIO_WriteBit), (10 bytes).
    Removing stm32f30x_i2c.o(.rev16_text), (4 bytes).
    Removing stm32f30x_i2c.o(.revsh_text), (4 bytes).
    Removing stm32f30x_i2c.o(.rrx_text), (6 bytes).
    Removing stm32f30x_i2c.o(i.I2C_10BitAddressHeaderCmd), (18 bytes).
    Removing stm32f30x_i2c.o(i.I2C_10BitAddressingModeCmd), (18 bytes).
    Removing stm32f30x_i2c.o(i.I2C_AcknowledgeConfig), (18 bytes).
    Removing stm32f30x_i2c.o(i.I2C_AutoEndCmd), (18 bytes).
    Removing stm32f30x_i2c.o(i.I2C_CalculatePEC), (18 bytes).
    Removing stm32f30x_i2c.o(i.I2C_ClearFlag), (4 bytes).
    Removing stm32f30x_i2c.o(i.I2C_ClearITPendingBit), (4 bytes).
    Removing stm32f30x_i2c.o(i.I2C_ClockTimeoutCmd), (18 bytes).
    Removing stm32f30x_i2c.o(i.I2C_DMACmd), (16 bytes).
    Removing stm32f30x_i2c.o(i.I2C_DualAddressCmd), (18 bytes).
    Removing stm32f30x_i2c.o(i.I2C_ExtendedClockTimeoutCmd), (18 bytes).
    Removing stm32f30x_i2c.o(i.I2C_GeneralCallCmd), (18 bytes).
    Removing stm32f30x_i2c.o(i.I2C_GenerateSTART), (18 bytes).
    Removing stm32f30x_i2c.o(i.I2C_GenerateSTOP), (18 bytes).
    Removing stm32f30x_i2c.o(i.I2C_GetAddressMatched), (10 bytes).
    Removing stm32f30x_i2c.o(i.I2C_GetITStatus), (46 bytes).
    Removing stm32f30x_i2c.o(i.I2C_GetPEC), (6 bytes).
    Removing stm32f30x_i2c.o(i.I2C_GetTransferDirection), (18 bytes).
    Removing stm32f30x_i2c.o(i.I2C_ITConfig), (16 bytes).
    Removing stm32f30x_i2c.o(i.I2C_IdleClockTimeoutCmd), (18 bytes).
    Removing stm32f30x_i2c.o(i.I2C_MasterRequestConfig), (18 bytes).
    Removing stm32f30x_i2c.o(i.I2C_NumberOfBytesConfig), (14 bytes).
    Removing stm32f30x_i2c.o(i.I2C_OwnAddress2Config), (26 bytes).
    Removing stm32f30x_i2c.o(i.I2C_PECRequestCmd), (18 bytes).
    Removing stm32f30x_i2c.o(i.I2C_ReadRegister), (12 bytes).
    Removing stm32f30x_i2c.o(i.I2C_ReceiveData), (6 bytes).
    Removing stm32f30x_i2c.o(i.I2C_ReloadCmd), (18 bytes).
    Removing stm32f30x_i2c.o(i.I2C_SMBusAlertCmd), (18 bytes).
    Removing stm32f30x_i2c.o(i.I2C_SlaveAddressConfig), (16 bytes).
    Removing stm32f30x_i2c.o(i.I2C_SlaveByteControlCmd), (18 bytes).
    Removing stm32f30x_i2c.o(i.I2C_SoftwareResetCmd), (20 bytes).
    Removing stm32f30x_i2c.o(i.I2C_StopModeCmd), (18 bytes).
    Removing stm32f30x_i2c.o(i.I2C_StretchClockCmd), (18 bytes).
    Removing stm32f30x_i2c.o(i.I2C_StructInit), (22 bytes).
    Removing stm32f30x_i2c.o(i.I2C_TimeoutAConfig), (16 bytes).
    Removing stm32f30x_i2c.o(i.I2C_TimeoutBConfig), (20 bytes).
    Removing stm32f30x_iwdg.o(.rev16_text), (4 bytes).
    Removing stm32f30x_iwdg.o(.revsh_text), (4 bytes).
    Removing stm32f30x_iwdg.o(.rrx_text), (6 bytes).
    Removing stm32f30x_iwdg.o(i.IWDG_Enable), (16 bytes).
    Removing stm32f30x_iwdg.o(i.IWDG_GetFlagStatus), (20 bytes).
    Removing stm32f30x_iwdg.o(i.IWDG_ReloadCounter), (16 bytes).
    Removing stm32f30x_iwdg.o(i.IWDG_SetPrescaler), (12 bytes).
    Removing stm32f30x_iwdg.o(i.IWDG_SetReload), (12 bytes).
    Removing stm32f30x_iwdg.o(i.IWDG_SetWindowValue), (12 bytes).
    Removing stm32f30x_iwdg.o(i.IWDG_WriteAccessCmd), (12 bytes).
    Removing stm32f30x_misc.o(.rev16_text), (4 bytes).
    Removing stm32f30x_misc.o(.revsh_text), (4 bytes).
    Removing stm32f30x_misc.o(.rrx_text), (6 bytes).
    Removing stm32f30x_misc.o(i.NVIC_PriorityGroupConfig), (20 bytes).
    Removing stm32f30x_misc.o(i.NVIC_SetVectorTable), (20 bytes).
    Removing stm32f30x_misc.o(i.NVIC_SystemLPConfig), (24 bytes).
    Removing stm32f30x_misc.o(i.SysTick_CLKSourceConfig), (22 bytes).
    Removing stm32f30x_opamp.o(.rev16_text), (4 bytes).
    Removing stm32f30x_opamp.o(.revsh_text), (4 bytes).
    Removing stm32f30x_opamp.o(.rrx_text), (6 bytes).
    Removing stm32f30x_opamp.o(i.OPAMP_Cmd), (26 bytes).
    Removing stm32f30x_opamp.o(i.OPAMP_DeInit), (14 bytes).
    Removing stm32f30x_opamp.o(i.OPAMP_GetOutputLevel), (26 bytes).
    Removing stm32f30x_opamp.o(i.OPAMP_Init), (26 bytes).
    Removing stm32f30x_opamp.o(i.OPAMP_LockConfig), (18 bytes).
    Removing stm32f30x_opamp.o(i.OPAMP_OffsetTrimConfig), (32 bytes).
    Removing stm32f30x_opamp.o(i.OPAMP_OffsetTrimModeSelect), (24 bytes).
    Removing stm32f30x_opamp.o(i.OPAMP_PGAConfig), (26 bytes).
    Removing stm32f30x_opamp.o(i.OPAMP_StartCalibration), (26 bytes).
    Removing stm32f30x_opamp.o(i.OPAMP_StructInit), (8 bytes).
    Removing stm32f30x_opamp.o(i.OPAMP_TimerControlledMuxCmd), (26 bytes).
    Removing stm32f30x_opamp.o(i.OPAMP_TimerControlledMuxConfig), (30 bytes).
    Removing stm32f30x_opamp.o(i.OPAMP_VrefConfig), (20 bytes).
    Removing stm32f30x_opamp.o(i.OPAMP_VrefConnectADCCmd), (26 bytes).
    Removing stm32f30x_opamp.o(i.OPAMP_VrefConnectNonInvertingInput), (26 bytes).
    Removing stm32f30x_pwr.o(.rev16_text), (4 bytes).
    Removing stm32f30x_pwr.o(.revsh_text), (4 bytes).
    Removing stm32f30x_pwr.o(.rrx_text), (6 bytes).
    Removing stm32f30x_pwr.o(i.PWR_BackupAccessCmd), (12 bytes).
    Removing stm32f30x_pwr.o(i.PWR_ClearFlag), (16 bytes).
    Removing stm32f30x_pwr.o(i.PWR_DeInit), (24 bytes).
    Removing stm32f30x_pwr.o(i.PWR_EnterSTANDBYMode), (40 bytes).
    Removing stm32f30x_pwr.o(i.PWR_EnterSTOPMode), (48 bytes).
    Removing stm32f30x_pwr.o(i.PWR_EnterSleepMode), (24 bytes).
    Removing stm32f30x_pwr.o(i.PWR_GetFlagStatus), (20 bytes).
    Removing stm32f30x_pwr.o(i.PWR_PVDCmd), (12 bytes).
    Removing stm32f30x_pwr.o(i.PWR_PVDLevelConfig), (20 bytes).
    Removing stm32f30x_pwr.o(i.PWR_WakeUpPinCmd), (24 bytes).
    Removing stm32f30x_rcc.o(.rev16_text), (4 bytes).
    Removing stm32f30x_rcc.o(.revsh_text), (4 bytes).
    Removing stm32f30x_rcc.o(.rrx_text), (6 bytes).
    Removing stm32f30x_rcc.o(i.RCC_ADCCLKConfig), (32 bytes).
    Removing stm32f30x_rcc.o(i.RCC_AHBPeriphResetCmd), (24 bytes).
    Removing stm32f30x_rcc.o(i.RCC_APB2PeriphResetCmd), (24 bytes).
    Removing stm32f30x_rcc.o(i.RCC_AdjustHSICalibrationValue), (20 bytes).
    Removing stm32f30x_rcc.o(i.RCC_BackupResetCmd), (12 bytes).
    Removing stm32f30x_rcc.o(i.RCC_ClearFlag), (16 bytes).
    Removing stm32f30x_rcc.o(i.RCC_ClearITPendingBit), (12 bytes).
    Removing stm32f30x_rcc.o(i.RCC_ClockSecuritySystemCmd), (12 bytes).
    Removing stm32f30x_rcc.o(i.RCC_DeInit), (80 bytes).
    Removing stm32f30x_rcc.o(i.RCC_GetFlagStatus), (52 bytes).
    Removing stm32f30x_rcc.o(i.RCC_GetITStatus), (20 bytes).
    Removing stm32f30x_rcc.o(i.RCC_GetSYSCLKSource), (16 bytes).
    Removing stm32f30x_rcc.o(i.RCC_HCLKConfig), (20 bytes).
    Removing stm32f30x_rcc.o(i.RCC_HSEConfig), (16 bytes).
    Removing stm32f30x_rcc.o(i.RCC_HSICmd), (12 bytes).
    Removing stm32f30x_rcc.o(i.RCC_I2SCLKConfig), (12 bytes).
    Removing stm32f30x_rcc.o(i.RCC_ITConfig), (24 bytes).
    Removing stm32f30x_rcc.o(i.RCC_LSEConfig), (32 bytes).
    Removing stm32f30x_rcc.o(i.RCC_LSEDriveConfig), (24 bytes).
    Removing stm32f30x_rcc.o(i.RCC_LSICmd), (12 bytes).
    Removing stm32f30x_rcc.o(i.RCC_MCOConfig), (12 bytes).
    Removing stm32f30x_rcc.o(i.RCC_PCLK1Config), (20 bytes).
    Removing stm32f30x_rcc.o(i.RCC_PCLK2Config), (20 bytes).
    Removing stm32f30x_rcc.o(i.RCC_PLLCmd), (12 bytes).
    Removing stm32f30x_rcc.o(i.RCC_PLLConfig), (24 bytes).
    Removing stm32f30x_rcc.o(i.RCC_PREDIV1Config), (20 bytes).
    Removing stm32f30x_rcc.o(i.RCC_RTCCLKCmd), (12 bytes).
    Removing stm32f30x_rcc.o(i.RCC_RTCCLKConfig), (16 bytes).
    Removing stm32f30x_rcc.o(i.RCC_SYSCLKConfig), (20 bytes).
    Removing stm32f30x_rcc.o(i.RCC_TIMCLKConfig), (32 bytes).
    Removing stm32f30x_rcc.o(i.RCC_USARTCLKConfig), (72 bytes).
    Removing stm32f30x_rcc.o(i.RCC_USBCLKConfig), (12 bytes).
    Removing stm32f30x_rcc.o(i.RCC_WaitForHSEStartUp), (56 bytes).
    Removing stm32f30x_rtc.o(.rev16_text), (4 bytes).
    Removing stm32f30x_rtc.o(.revsh_text), (4 bytes).
    Removing stm32f30x_rtc.o(.rrx_text), (6 bytes).
    Removing stm32f30x_rtc.o(i.RTC_AlarmCmd), (100 bytes).
    Removing stm32f30x_rtc.o(i.RTC_AlarmStructInit), (20 bytes).
    Removing stm32f30x_rtc.o(i.RTC_AlarmSubSecondConfig), (52 bytes).
    Removing stm32f30x_rtc.o(i.RTC_BypassShadowCmd), (44 bytes).
    Removing stm32f30x_rtc.o(i.RTC_ByteToBcd2), (48 bytes).
    Removing stm32f30x_rtc.o(i.RTC_CalibOutputCmd), (44 bytes).
    Removing stm32f30x_rtc.o(i.RTC_CalibOutputConfig), (40 bytes).
    Removing stm32f30x_rtc.o(i.RTC_ClearFlag), (28 bytes).
    Removing stm32f30x_rtc.o(i.RTC_ClearITPendingBit), (28 bytes).
    Removing stm32f30x_rtc.o(i.RTC_DateStructInit), (14 bytes).
    Removing stm32f30x_rtc.o(i.RTC_DayLightSavingConfig), (52 bytes).
    Removing stm32f30x_rtc.o(i.RTC_DeInit), (192 bytes).
    Removing stm32f30x_rtc.o(i.RTC_EnterInitMode), (68 bytes).
    Removing stm32f30x_rtc.o(i.RTC_ExitInitMode), (16 bytes).
    Removing stm32f30x_rtc.o(i.RTC_GetAlarm), (148 bytes).
    Removing stm32f30x_rtc.o(i.RTC_GetAlarmSubSecond), (36 bytes).
    Removing stm32f30x_rtc.o(i.RTC_GetDate), (108 bytes).
    Removing stm32f30x_rtc.o(i.RTC_GetFlagStatus), (28 bytes).
    Removing stm32f30x_rtc.o(i.RTC_GetITStatus), (64 bytes).
    Removing stm32f30x_rtc.o(i.RTC_GetStoreOperation), (16 bytes).
    Removing stm32f30x_rtc.o(i.RTC_GetSubSecond), (20 bytes).
    Removing stm32f30x_rtc.o(i.RTC_GetTime), (112 bytes).
    Removing stm32f30x_rtc.o(i.RTC_GetTimeStamp), (208 bytes).
    Removing stm32f30x_rtc.o(i.RTC_GetTimeStampSubSecond), (12 bytes).
    Removing stm32f30x_rtc.o(i.RTC_GetWakeUpCounter), (12 bytes).
    Removing stm32f30x_rtc.o(i.RTC_ITConfig), (72 bytes).
    Removing stm32f30x_rtc.o(i.RTC_Init), (88 bytes).
    Removing stm32f30x_rtc.o(i.RTC_OutputConfig), (52 bytes).
    Removing stm32f30x_rtc.o(i.RTC_OutputTypeConfig), (24 bytes).
    Removing stm32f30x_rtc.o(i.RTC_ReadBackupRegister), (20 bytes).
    Removing stm32f30x_rtc.o(i.RTC_RefClockCmd), (72 bytes).
    Removing stm32f30x_rtc.o(i.RTC_SetAlarm), (168 bytes).
    Removing stm32f30x_rtc.o(i.RTC_SetDate), (156 bytes).
    Removing stm32f30x_rtc.o(i.RTC_SetTime), (172 bytes).
    Removing stm32f30x_rtc.o(i.RTC_SetWakeUpCounter), (28 bytes).
    Removing stm32f30x_rtc.o(i.RTC_SmoothCalibConfig), (88 bytes).
    Removing stm32f30x_rtc.o(i.RTC_StructInit), (14 bytes).
    Removing stm32f30x_rtc.o(i.RTC_SynchroShiftConfig), (108 bytes).
    Removing stm32f30x_rtc.o(i.RTC_TamperCmd), (24 bytes).
    Removing stm32f30x_rtc.o(i.RTC_TamperFilterConfig), (24 bytes).
    Removing stm32f30x_rtc.o(i.RTC_TamperPinsPrechargeDuration), (24 bytes).
    Removing stm32f30x_rtc.o(i.RTC_TamperPullUpCmd), (24 bytes).
    Removing stm32f30x_rtc.o(i.RTC_TamperSamplingFreqConfig), (24 bytes).
    Removing stm32f30x_rtc.o(i.RTC_TamperTriggerConfig), (24 bytes).
    Removing stm32f30x_rtc.o(i.RTC_TimeStampCmd), (52 bytes).
    Removing stm32f30x_rtc.o(i.RTC_TimeStampOnTamperDetectionCmd), (24 bytes).
    Removing stm32f30x_rtc.o(i.RTC_TimeStructInit), (12 bytes).
    Removing stm32f30x_rtc.o(i.RTC_WaitForSynchro), (96 bytes).
    Removing stm32f30x_rtc.o(i.RTC_WakeUpClockConfig), (40 bytes).
    Removing stm32f30x_rtc.o(i.RTC_WakeUpCmd), (96 bytes).
    Removing stm32f30x_rtc.o(i.RTC_WriteBackupRegister), (20 bytes).
    Removing stm32f30x_rtc.o(i.RTC_WriteProtectionCmd), (24 bytes).
    Removing stm32f30x_spi.o(.rev16_text), (4 bytes).
    Removing stm32f30x_spi.o(.revsh_text), (4 bytes).
    Removing stm32f30x_spi.o(.rrx_text), (6 bytes).
    Removing stm32f30x_spi.o(i.I2S_Cmd), (18 bytes).
    Removing stm32f30x_spi.o(i.I2S_FullDuplexConfig), (64 bytes).
    Removing stm32f30x_spi.o(i.I2S_Init), (176 bytes).
    Removing stm32f30x_spi.o(i.I2S_StructInit), (18 bytes).
    Removing stm32f30x_spi.o(i.SPI_BiDirectionalLineConfig), (20 bytes).
    Removing stm32f30x_spi.o(i.SPI_CRCLengthConfig), (16 bytes).
    Removing stm32f30x_spi.o(i.SPI_CalculateCRC), (18 bytes).
    Removing stm32f30x_spi.o(i.SPI_Cmd), (18 bytes).
    Removing stm32f30x_spi.o(i.SPI_DataSizeConfig), (12 bytes).
    Removing stm32f30x_spi.o(i.SPI_GetCRC), (10 bytes).
    Removing stm32f30x_spi.o(i.SPI_GetCRCPolynomial), (4 bytes).
    Removing stm32f30x_spi.o(i.SPI_GetReceptionFIFOStatus), (8 bytes).
    Removing stm32f30x_spi.o(i.SPI_GetTransmissionFIFOStatus), (8 bytes).
    Removing stm32f30x_spi.o(i.SPI_I2S_ClearFlag), (6 bytes).
    Removing stm32f30x_spi.o(i.SPI_I2S_DMACmd), (16 bytes).
    Removing stm32f30x_spi.o(i.SPI_I2S_DeInit), (92 bytes).
    Removing stm32f30x_spi.o(i.SPI_I2S_GetFlagStatus), (14 bytes).
    Removing stm32f30x_spi.o(i.SPI_I2S_GetITStatus), (46 bytes).
    Removing stm32f30x_spi.o(i.SPI_I2S_ITConfig), (26 bytes).
    Removing stm32f30x_spi.o(i.SPI_I2S_ReceiveData16), (4 bytes).
    Removing stm32f30x_spi.o(i.SPI_I2S_SendData16), (4 bytes).
    Removing stm32f30x_spi.o(i.SPI_Init), (158 bytes).
    Removing stm32f30x_spi.o(i.SPI_LastDMATransferCmd), (16 bytes).
    Removing stm32f30x_spi.o(i.SPI_NSSInternalSoftwareConfig), (22 bytes).
    Removing stm32f30x_spi.o(i.SPI_NSSPulseModeCmd), (18 bytes).
    Removing stm32f30x_spi.o(i.SPI_ReceiveData8), (4 bytes).
    Removing stm32f30x_spi.o(i.SPI_RxFIFOThresholdConfig), (16 bytes).
    Removing stm32f30x_spi.o(i.SPI_SSOutputCmd), (18 bytes).
    Removing stm32f30x_spi.o(i.SPI_SendData8), (4 bytes).
    Removing stm32f30x_spi.o(i.SPI_StructInit), (28 bytes).
    Removing stm32f30x_spi.o(i.SPI_TIModeCmd), (18 bytes).
    Removing stm32f30x_spi.o(i.SPI_TransmitCRC), (10 bytes).
    Removing stm32f30x_syscfg.o(.rev16_text), (4 bytes).
    Removing stm32f30x_syscfg.o(.revsh_text), (4 bytes).
    Removing stm32f30x_syscfg.o(.rrx_text), (6 bytes).
    Removing stm32f30x_syscfg.o(i.SYSCFG_BreakConfig), (16 bytes).
    Removing stm32f30x_syscfg.o(i.SYSCFG_BypassParityCheckDisable), (16 bytes).
    Removing stm32f30x_syscfg.o(i.SYSCFG_ClearFlag), (16 bytes).
    Removing stm32f30x_syscfg.o(i.SYSCFG_DMAChannelRemapConfig), (24 bytes).
    Removing stm32f30x_syscfg.o(i.SYSCFG_DeInit), (40 bytes).
    Removing stm32f30x_syscfg.o(i.SYSCFG_EncoderRemapConfig), (24 bytes).
    Removing stm32f30x_syscfg.o(i.SYSCFG_GetFlagStatus), (20 bytes).
    Removing stm32f30x_syscfg.o(i.SYSCFG_I2CFastModePlusConfig), (24 bytes).
    Removing stm32f30x_syscfg.o(i.SYSCFG_ITConfig), (24 bytes).
    Removing stm32f30x_syscfg.o(i.SYSCFG_MemoryRemapConfig), (20 bytes).
    Removing stm32f30x_syscfg.o(i.SYSCFG_SRAMWRPEnable), (16 bytes).
    Removing stm32f30x_syscfg.o(i.SYSCFG_TriggerRemapConfig), (24 bytes).
    Removing stm32f30x_syscfg.o(i.SYSCFG_USBInterruptLineRemapCmd), (12 bytes).
    Removing stm32f30x_tim.o(.rev16_text), (4 bytes).
    Removing stm32f30x_tim.o(.revsh_text), (4 bytes).
    Removing stm32f30x_tim.o(.rrx_text), (6 bytes).
    Removing stm32f30x_tim.o(i.TIM_ARRPreloadConfig), (18 bytes).
    Removing stm32f30x_tim.o(i.TIM_BDTRConfig), (34 bytes).
    Removing stm32f30x_tim.o(i.TIM_BDTRStructInit), (18 bytes).
    Removing stm32f30x_tim.o(i.TIM_Break1Cmd), (18 bytes).
    Removing stm32f30x_tim.o(i.TIM_Break1Config), (20 bytes).
    Removing stm32f30x_tim.o(i.TIM_Break2Cmd), (18 bytes).
    Removing stm32f30x_tim.o(i.TIM_Break2Config), (20 bytes).
    Removing stm32f30x_tim.o(i.TIM_CCPreloadControl), (20 bytes).
    Removing stm32f30x_tim.o(i.TIM_CCxCmd), (26 bytes).
    Removing stm32f30x_tim.o(i.TIM_CCxNCmd), (26 bytes).
    Removing stm32f30x_tim.o(i.TIM_ClearFlag), (8 bytes).
    Removing stm32f30x_tim.o(i.TIM_ClearITPendingBit), (8 bytes).
    Removing stm32f30x_tim.o(i.TIM_ClearOC1Ref), (12 bytes).
    Removing stm32f30x_tim.o(i.TIM_ClearOC2Ref), (14 bytes).
    Removing stm32f30x_tim.o(i.TIM_ClearOC3Ref), (12 bytes).
    Removing stm32f30x_tim.o(i.TIM_ClearOC4Ref), (14 bytes).
    Removing stm32f30x_tim.o(i.TIM_ClearOC5Ref), (12 bytes).
    Removing stm32f30x_tim.o(i.TIM_ClearOC6Ref), (14 bytes).
    Removing stm32f30x_tim.o(i.TIM_Cmd), (18 bytes).
    Removing stm32f30x_tim.o(i.TIM_CounterModeConfig), (12 bytes).
    Removing stm32f30x_tim.o(i.TIM_CtrlPWMOutputs), (18 bytes).
    Removing stm32f30x_tim.o(i.TIM_DMACmd), (18 bytes).
    Removing stm32f30x_tim.o(i.TIM_DMAConfig), (8 bytes).
    Removing stm32f30x_tim.o(i.TIM_DeInit), (278 bytes).
    Removing stm32f30x_tim.o(i.TIM_ETRClockMode1Config), (42 bytes).
    Removing stm32f30x_tim.o(i.TIM_ETRClockMode2Config), (40 bytes).
    Removing stm32f30x_tim.o(i.TIM_ETRConfig), (32 bytes).
    Removing stm32f30x_tim.o(i.TIM_EncoderInterfaceConfig), (72 bytes).
    Removing stm32f30x_tim.o(i.TIM_ForcedOC1Config), (16 bytes).
    Removing stm32f30x_tim.o(i.TIM_ForcedOC2Config), (18 bytes).
    Removing stm32f30x_tim.o(i.TIM_ForcedOC3Config), (12 bytes).
    Removing stm32f30x_tim.o(i.TIM_ForcedOC4Config), (14 bytes).
    Removing stm32f30x_tim.o(i.TIM_ForcedOC5Config), (12 bytes).
    Removing stm32f30x_tim.o(i.TIM_ForcedOC6Config), (14 bytes).
    Removing stm32f30x_tim.o(i.TIM_GenerateEvent), (4 bytes).
    Removing stm32f30x_tim.o(i.TIM_GetCapture1), (4 bytes).
    Removing stm32f30x_tim.o(i.TIM_GetCapture2), (4 bytes).
    Removing stm32f30x_tim.o(i.TIM_GetCapture3), (4 bytes).
    Removing stm32f30x_tim.o(i.TIM_GetCapture4), (4 bytes).
    Removing stm32f30x_tim.o(i.TIM_GetCounter), (4 bytes).
    Removing stm32f30x_tim.o(i.TIM_GetFlagStatus), (14 bytes).
    Removing stm32f30x_tim.o(i.TIM_GetITStatus), (22 bytes).
    Removing stm32f30x_tim.o(i.TIM_GetPrescaler), (4 bytes).
    Removing stm32f30x_tim.o(i.TIM_ICInit), (300 bytes).
    Removing stm32f30x_tim.o(i.TIM_ICStructInit), (16 bytes).
    Removing stm32f30x_tim.o(i.TIM_ITConfig), (18 bytes).
    Removing stm32f30x_tim.o(i.TIM_ITRxExternalClockConfig), (22 bytes).
    Removing stm32f30x_tim.o(i.TIM_InternalClockConfig), (12 bytes).
    Removing stm32f30x_tim.o(i.TIM_OC1FastConfig), (12 bytes).
    Removing stm32f30x_tim.o(i.TIM_OC1Init), (136 bytes).
    Removing stm32f30x_tim.o(i.TIM_OC1NPolarityConfig), (12 bytes).
    Removing stm32f30x_tim.o(i.TIM_OC1PolarityConfig), (12 bytes).
    Removing stm32f30x_tim.o(i.TIM_OC1PreloadConfig), (12 bytes).
    Removing stm32f30x_tim.o(i.TIM_OC2FastConfig), (14 bytes).
    Removing stm32f30x_tim.o(i.TIM_OC2Init), (120 bytes).
    Removing stm32f30x_tim.o(i.TIM_OC2NPolarityConfig), (14 bytes).
    Removing stm32f30x_tim.o(i.TIM_OC2PolarityConfig), (14 bytes).
    Removing stm32f30x_tim.o(i.TIM_OC2PreloadConfig), (14 bytes).
    Removing stm32f30x_tim.o(i.TIM_OC3FastConfig), (12 bytes).
    Removing stm32f30x_tim.o(i.TIM_OC3Init), (116 bytes).
    Removing stm32f30x_tim.o(i.TIM_OC3NPolarityConfig), (14 bytes).
    Removing stm32f30x_tim.o(i.TIM_OC3PolarityConfig), (14 bytes).
    Removing stm32f30x_tim.o(i.TIM_OC3PreloadConfig), (12 bytes).
    Removing stm32f30x_tim.o(i.TIM_OC4FastConfig), (14 bytes).
    Removing stm32f30x_tim.o(i.TIM_OC4Init), (90 bytes).
    Removing stm32f30x_tim.o(i.TIM_OC4PolarityConfig), (14 bytes).
    Removing stm32f30x_tim.o(i.TIM_OC4PreloadConfig), (14 bytes).
    Removing stm32f30x_tim.o(i.TIM_OC5Init), (88 bytes).
    Removing stm32f30x_tim.o(i.TIM_OC5PolarityConfig), (14 bytes).
    Removing stm32f30x_tim.o(i.TIM_OC5PreloadConfig), (12 bytes).
    Removing stm32f30x_tim.o(i.TIM_OC6Init), (82 bytes).
    Removing stm32f30x_tim.o(i.TIM_OC6PolarityConfig), (14 bytes).
    Removing stm32f30x_tim.o(i.TIM_OC6PreloadConfig), (14 bytes).
    Removing stm32f30x_tim.o(i.TIM_OCStructInit), (20 bytes).
    Removing stm32f30x_tim.o(i.TIM_PWMIConfig), (320 bytes).
    Removing stm32f30x_tim.o(i.TIM_PrescalerConfig), (6 bytes).
    Removing stm32f30x_tim.o(i.TIM_RemapConfig), (6 bytes).
    Removing stm32f30x_tim.o(i.TIM_SelectCCDMA), (20 bytes).
    Removing stm32f30x_tim.o(i.TIM_SelectCOM), (20 bytes).
    Removing stm32f30x_tim.o(i.TIM_SelectGC5C1), (18 bytes).
    Removing stm32f30x_tim.o(i.TIM_SelectGC5C2), (18 bytes).
    Removing stm32f30x_tim.o(i.TIM_SelectGC5C3), (18 bytes).
    Removing stm32f30x_tim.o(i.TIM_SelectHallSensor), (20 bytes).
    Removing stm32f30x_tim.o(i.TIM_SelectInputTrigger), (14 bytes).
    Removing stm32f30x_tim.o(i.TIM_SelectMasterSlaveMode), (18 bytes).
    Removing stm32f30x_tim.o(i.TIM_SelectOCREFClear), (18 bytes).
    Removing stm32f30x_tim.o(i.TIM_SelectOCxM), (102 bytes).
    Removing stm32f30x_tim.o(i.TIM_SelectOnePulseMode), (16 bytes).
    Removing stm32f30x_tim.o(i.TIM_SelectOutputTrigger), (18 bytes).
    Removing stm32f30x_tim.o(i.TIM_SelectOutputTrigger2), (16 bytes).
    Removing stm32f30x_tim.o(i.TIM_SelectSlaveMode), (20 bytes).
    Removing stm32f30x_tim.o(i.TIM_SetAutoreload), (4 bytes).
    Removing stm32f30x_tim.o(i.TIM_SetClockDivision), (16 bytes).
    Removing stm32f30x_tim.o(i.TIM_SetCompare1), (4 bytes).
    Removing stm32f30x_tim.o(i.TIM_SetCompare2), (4 bytes).
    Removing stm32f30x_tim.o(i.TIM_SetCompare3), (4 bytes).
    Removing stm32f30x_tim.o(i.TIM_SetCompare4), (4 bytes).
    Removing stm32f30x_tim.o(i.TIM_SetCompare5), (4 bytes).
    Removing stm32f30x_tim.o(i.TIM_SetCompare6), (4 bytes).
    Removing stm32f30x_tim.o(i.TIM_SetCounter), (4 bytes).
    Removing stm32f30x_tim.o(i.TIM_SetIC1Prescaler), (16 bytes).
    Removing stm32f30x_tim.o(i.TIM_SetIC2Prescaler), (18 bytes).
    Removing stm32f30x_tim.o(i.TIM_SetIC3Prescaler), (18 bytes).
    Removing stm32f30x_tim.o(i.TIM_SetIC4Prescaler), (26 bytes).
    Removing stm32f30x_tim.o(i.TIM_TIxExternalClockConfig), (136 bytes).
    Removing stm32f30x_tim.o(i.TIM_TimeBaseInit), (144 bytes).
    Removing stm32f30x_tim.o(i.TIM_TimeBaseStructInit), (18 bytes).
    Removing stm32f30x_tim.o(i.TIM_UIFRemap), (18 bytes).
    Removing stm32f30x_tim.o(i.TIM_UpdateDisableConfig), (18 bytes).
    Removing stm32f30x_tim.o(i.TIM_UpdateRequestConfig), (18 bytes).
    Removing stm32f30x_usart.o(.rev16_text), (4 bytes).
    Removing stm32f30x_usart.o(.revsh_text), (4 bytes).
    Removing stm32f30x_usart.o(.rrx_text), (6 bytes).
    Removing stm32f30x_usart.o(i.USART_AddressDetectionConfig), (16 bytes).
    Removing stm32f30x_usart.o(i.USART_AutoBaudRateCmd), (18 bytes).
    Removing stm32f30x_usart.o(i.USART_AutoBaudRateConfig), (16 bytes).
    Removing stm32f30x_usart.o(i.USART_ClearFlag), (4 bytes).
    Removing stm32f30x_usart.o(i.USART_ClearITPendingBit), (12 bytes).
    Removing stm32f30x_usart.o(i.USART_ClockInit), (30 bytes).
    Removing stm32f30x_usart.o(i.USART_ClockStructInit), (12 bytes).
    Removing stm32f30x_usart.o(i.USART_Cmd), (18 bytes).
    Removing stm32f30x_usart.o(i.USART_DECmd), (18 bytes).
    Removing stm32f30x_usart.o(i.USART_DEPolarityConfig), (16 bytes).
    Removing stm32f30x_usart.o(i.USART_DMACmd), (16 bytes).
    Removing stm32f30x_usart.o(i.USART_DMAReceptionErrorConfig), (16 bytes).
    Removing stm32f30x_usart.o(i.USART_DataInvCmd), (18 bytes).
    Removing stm32f30x_usart.o(i.USART_DeInit), (148 bytes).
    Removing stm32f30x_usart.o(i.USART_DirectionModeCmd), (16 bytes).
    Removing stm32f30x_usart.o(i.USART_GetFlagStatus), (14 bytes).
    Removing stm32f30x_usart.o(i.USART_GetITStatus), (72 bytes).
    Removing stm32f30x_usart.o(i.USART_HalfDuplexCmd), (18 bytes).
    Removing stm32f30x_usart.o(i.USART_ITConfig), (42 bytes).
    Removing stm32f30x_usart.o(i.USART_Init), (202 bytes).
    Removing stm32f30x_usart.o(i.USART_InvPinCmd), (16 bytes).
    Removing stm32f30x_usart.o(i.USART_IrDACmd), (18 bytes).
    Removing stm32f30x_usart.o(i.USART_IrDAConfig), (16 bytes).
    Removing stm32f30x_usart.o(i.USART_LINBreakDetectLengthConfig), (16 bytes).
    Removing stm32f30x_usart.o(i.USART_LINCmd), (18 bytes).
    Removing stm32f30x_usart.o(i.USART_MSBFirstCmd), (18 bytes).
    Removing stm32f30x_usart.o(i.USART_MuteModeCmd), (18 bytes).
    Removing stm32f30x_usart.o(i.USART_MuteModeWakeUpConfig), (16 bytes).
    Removing stm32f30x_usart.o(i.USART_OneBitMethodCmd), (18 bytes).
    Removing stm32f30x_usart.o(i.USART_OverSampling8Cmd), (18 bytes).
    Removing stm32f30x_usart.o(i.USART_OverrunDetectionConfig), (16 bytes).
    Removing stm32f30x_usart.o(i.USART_ReceiveData), (8 bytes).
    Removing stm32f30x_usart.o(i.USART_ReceiverTimeOutCmd), (18 bytes).
    Removing stm32f30x_usart.o(i.USART_RequestCmd), (16 bytes).
    Removing stm32f30x_usart.o(i.USART_STOPModeCmd), (18 bytes).
    Removing stm32f30x_usart.o(i.USART_SWAPPinCmd), (18 bytes).
    Removing stm32f30x_usart.o(i.USART_SendData), (8 bytes).
    Removing stm32f30x_usart.o(i.USART_SetAddress), (18 bytes).
    Removing stm32f30x_usart.o(i.USART_SetAutoRetryCount), (18 bytes).
    Removing stm32f30x_usart.o(i.USART_SetBlockLength), (18 bytes).
    Removing stm32f30x_usart.o(i.USART_SetDEAssertionTime), (18 bytes).
    Removing stm32f30x_usart.o(i.USART_SetDEDeassertionTime), (18 bytes).
    Removing stm32f30x_usart.o(i.USART_SetGuardTime), (16 bytes).
    Removing stm32f30x_usart.o(i.USART_SetPrescaler), (16 bytes).
    Removing stm32f30x_usart.o(i.USART_SetReceiverTimeOut), (16 bytes).
    Removing stm32f30x_usart.o(i.USART_SmartCardCmd), (18 bytes).
    Removing stm32f30x_usart.o(i.USART_SmartCardNACKCmd), (18 bytes).
    Removing stm32f30x_usart.o(i.USART_StopModeWakeUpSourceConfig), (16 bytes).
    Removing stm32f30x_usart.o(i.USART_StructInit), (22 bytes).
    Removing stm32f30x_wwdg.o(.rev16_text), (4 bytes).
    Removing stm32f30x_wwdg.o(.revsh_text), (4 bytes).
    Removing stm32f30x_wwdg.o(.rrx_text), (6 bytes).
    Removing stm32f30x_wwdg.o(i.WWDG_ClearFlag), (12 bytes).
    Removing stm32f30x_wwdg.o(i.WWDG_DeInit), (24 bytes).
    Removing stm32f30x_wwdg.o(i.WWDG_Enable), (16 bytes).
    Removing stm32f30x_wwdg.o(i.WWDG_EnableIT), (16 bytes).
    Removing stm32f30x_wwdg.o(i.WWDG_GetFlagStatus), (20 bytes).
    Removing stm32f30x_wwdg.o(i.WWDG_SetCounter), (16 bytes).
    Removing stm32f30x_wwdg.o(i.WWDG_SetPrescaler), (20 bytes).
    Removing stm32f30x_wwdg.o(i.WWDG_SetWindowValue), (28 bytes).
    Removing stm32f30x_it.o(.rev16_text), (4 bytes).
    Removing stm32f30x_it.o(.revsh_text), (4 bytes).
    Removing stm32f30x_it.o(.rrx_text), (6 bytes).
    Removing system_stm32f30x.o(.rev16_text), (4 bytes).
    Removing system_stm32f30x.o(.revsh_text), (4 bytes).
    Removing system_stm32f30x.o(.rrx_text), (6 bytes).
    Removing system_stm32f30x.o(i.SystemCoreClockUpdate), (116 bytes).
    Removing system_stm32f30x.o(.data), (20 bytes).
    Removing lcd_hello.o(.rev16_text), (4 bytes).
    Removing lcd_hello.o(.revsh_text), (4 bytes).
    Removing lcd_hello.o(.rrx_text), (6 bytes).
    Removing lcd_hello.o(i.Delay), (16 bytes).
    Removing lcd_hello.o(i.I2C2_init), (160 bytes).
    Removing lcd_hello.o(i.LCD_backlight), (108 bytes).
    Removing lcd_hello.o(i.LCD_clear), (84 bytes).
    Removing lcd_hello.o(i.LCD_contrast), (108 bytes).
    Removing lcd_hello.o(i.LCD_write), (152 bytes).
    Removing lcd_hello.o(i.TimingDelay_Decrement), (24 bytes).
    Removing lcd_hello.o(.bss), (20 bytes).
    Removing lcd_hello.o(.data), (8 bytes).
    Removing dadd.o(.text), (334 bytes).
    Removing dmul.o(.text), (228 bytes).
    Removing ddiv.o(.text), (222 bytes).
    Removing dfixul.o(.text), (48 bytes).
    Removing cdrcmple.o(.text), (48 bytes).
    Removing depilogue.o(.text), (186 bytes).

658 unused section(s) (total 21794 bytes) removed from the image.

==============================================================================

Image Symbol Table

    Local Symbols

    Symbol Name                              Value     Ov Type        Size  Object(Section)

    ../clib/microlib/division.c              0x00000000   Number         0  uldiv.o ABSOLUTE
    ../clib/microlib/division.c              0x00000000   Number         0  uidiv.o ABSOLUTE
    ../clib/microlib/init/entry.s            0x00000000   Number         0  entry10a.o ABSOLUTE
    ../clib/microlib/init/entry.s            0x00000000   Number         0  entry5.o ABSOLUTE
    ../clib/microlib/init/entry.s            0x00000000   Number         0  entry8a.o ABSOLUTE
    ../clib/microlib/init/entry.s            0x00000000   Number         0  entry11b.o ABSOLUTE
    ../clib/microlib/init/entry.s            0x00000000   Number         0  entry11a.o ABSOLUTE
    ../clib/microlib/init/entry.s            0x00000000   Number         0  entry8b.o ABSOLUTE
    ../clib/microlib/init/entry.s            0x00000000   Number         0  entry9a.o ABSOLUTE
    ../clib/microlib/init/entry.s            0x00000000   Number         0  entry10b.o ABSOLUTE
    ../clib/microlib/init/entry.s            0x00000000   Number         0  entry7a.o ABSOLUTE
    ../clib/microlib/init/entry.s            0x00000000   Number         0  entry9b.o ABSOLUTE
    ../clib/microlib/init/entry.s            0x00000000   Number         0  entry.o ABSOLUTE
    ../clib/microlib/init/entry.s            0x00000000   Number         0  entry2.o ABSOLUTE
    ../clib/microlib/init/entry.s            0x00000000   Number         0  entry7b.o ABSOLUTE
    ../clib/microlib/longlong.c              0x00000000   Number         0  llshl.o ABSOLUTE
    ../clib/microlib/longlong.c              0x00000000   Number         0  llushr.o ABSOLUTE
    ../clib/microlib/longlong.c              0x00000000   Number         0  llsshr.o ABSOLUTE
    ../clib/microlib/printf/printf.c         0x00000000   Number         0  printf0.o ABSOLUTE
    ../clib/microlib/printf/printf.c         0x00000000   Number         0  printfa.o ABSOLUTE
    ../clib/microlib/printf/printf.c         0x00000000   Number         0  printfb.o ABSOLUTE
    ../clib/microlib/printf/printf.c         0x00000000   Number         0  printf1.o ABSOLUTE
    ../clib/microlib/printf/printf.c         0x00000000   Number         0  printf2.o ABSOLUTE
    ../clib/microlib/printf/printf.c         0x00000000   Number         0  printf4.o ABSOLUTE
    ../clib/microlib/printf/printf.c         0x00000000   Number         0  printf3.o ABSOLUTE
    ../clib/microlib/printf/printf.c         0x00000000   Number         0  printf6.o ABSOLUTE
    ../clib/microlib/printf/printf.c         0x00000000   Number         0  printf5.o ABSOLUTE
    ../clib/microlib/printf/printf.c         0x00000000   Number         0  printf7.o ABSOLUTE
    ../clib/microlib/printf/printf.c         0x00000000   Number         0  printf8.o ABSOLUTE
    ../clib/microlib/printf/stubs.s          0x00000000   Number         0  stubs.o ABSOLUTE
    ../clib/microlib/stdio/fputc.c           0x00000000   Number         0  fputc.o ABSOLUTE
    ../clib/microlib/stdio/semi.s            0x00000000   Number         0  semi.o ABSOLUTE
    ../clib/microlib/stdio/streams.c         0x00000000   Number         0  stdout.o ABSOLUTE
    ../clib/microlib/string/strlen.c         0x00000000   Number         0  strlen.o ABSOLUTE
    ../clib/microlib/stubs.s                 0x00000000   Number         0  iusefp.o ABSOLUTE
    ../clib/microlib/stubs.s                 0x00000000   Number         0  iusesemip.o ABSOLUTE
    ../fplib/microlib/fpadd.c                0x00000000   Number         0  dadd.o ABSOLUTE
    ../fplib/microlib/fpdiv.c                0x00000000   Number         0  ddiv.o ABSOLUTE
    ../fplib/microlib/fpepilogue.c           0x00000000   Number         0  depilogue.o ABSOLUTE
    ../fplib/microlib/fpfix.c                0x00000000   Number         0  dfixul.o ABSOLUTE
    ../fplib/microlib/fpmul.c                0x00000000   Number         0  dmul.o ABSOLUTE
    ..\..\LCD_Hello.c                        0x00000000   Number         0  lcd_hello.o ABSOLUTE
    ..\Libraries\CMSIS\Device\ST\STM32F30x\Source\Templates\arm\startup_stm32f30x.s 0x00000000   Number         0  startup_stm32f30x.o ABSOLUTE
    ..\Libraries\STM32F30x_StdPeriph_Driver\src\stm32f30x_adc.c 0x00000000   Number         0  stm32f30x_adc.o ABSOLUTE
    ..\Libraries\STM32F30x_StdPeriph_Driver\src\stm32f30x_can.c 0x00000000   Number         0  stm32f30x_can.o ABSOLUTE
    ..\Libraries\STM32F30x_StdPeriph_Driver\src\stm32f30x_comp.c 0x00000000   Number         0  stm32f30x_comp.o ABSOLUTE
    ..\Libraries\STM32F30x_StdPeriph_Driver\src\stm32f30x_crc.c 0x00000000   Number         0  stm32f30x_crc.o ABSOLUTE
    ..\Libraries\STM32F30x_StdPeriph_Driver\src\stm32f30x_dac.c 0x00000000   Number         0  stm32f30x_dac.o ABSOLUTE
    ..\Libraries\STM32F30x_StdPeriph_Driver\src\stm32f30x_dbgmcu.c 0x00000000   Number         0  stm32f30x_dbgmcu.o ABSOLUTE
    ..\Libraries\STM32F30x_StdPeriph_Driver\src\stm32f30x_dma.c 0x00000000   Number         0  stm32f30x_dma.o ABSOLUTE
    ..\Libraries\STM32F30x_StdPeriph_Driver\src\stm32f30x_exti.c 0x00000000   Number         0  stm32f30x_exti.o ABSOLUTE
    ..\Libraries\STM32F30x_StdPeriph_Driver\src\stm32f30x_flash.c 0x00000000   Number         0  stm32f30x_flash.o ABSOLUTE
    ..\Libraries\STM32F30x_StdPeriph_Driver\src\stm32f30x_gpio.c 0x00000000   Number         0  stm32f30x_gpio.o ABSOLUTE
    ..\Libraries\STM32F30x_StdPeriph_Driver\src\stm32f30x_i2c.c 0x00000000   Number         0  stm32f30x_i2c.o ABSOLUTE
    ..\Libraries\STM32F30x_StdPeriph_Driver\src\stm32f30x_iwdg.c 0x00000000   Number         0  stm32f30x_iwdg.o ABSOLUTE
    ..\Libraries\STM32F30x_StdPeriph_Driver\src\stm32f30x_misc.c 0x00000000   Number         0  stm32f30x_misc.o ABSOLUTE
    ..\Libraries\STM32F30x_StdPeriph_Driver\src\stm32f30x_opamp.c 0x00000000   Number         0  stm32f30x_opamp.o ABSOLUTE
    ..\Libraries\STM32F30x_StdPeriph_Driver\src\stm32f30x_pwr.c 0x00000000   Number         0  stm32f30x_pwr.o ABSOLUTE
    ..\Libraries\STM32F30x_StdPeriph_Driver\src\stm32f30x_rcc.c 0x00000000   Number         0  stm32f30x_rcc.o ABSOLUTE
    ..\Libraries\STM32F30x_StdPeriph_Driver\src\stm32f30x_rtc.c 0x00000000   Number         0  stm32f30x_rtc.o ABSOLUTE
    ..\Libraries\STM32F30x_StdPeriph_Driver\src\stm32f30x_spi.c 0x00000000   Number         0  stm32f30x_spi.o ABSOLUTE
    ..\Libraries\STM32F30x_StdPeriph_Driver\src\stm32f30x_syscfg.c 0x00000000   Number         0  stm32f30x_syscfg.o ABSOLUTE
    ..\Libraries\STM32F30x_StdPeriph_Driver\src\stm32f30x_tim.c 0x00000000   Number         0  stm32f30x_tim.o ABSOLUTE
    ..\Libraries\STM32F30x_StdPeriph_Driver\src\stm32f30x_usart.c 0x00000000   Number         0  stm32f30x_usart.o ABSOLUTE
    ..\Libraries\STM32F30x_StdPeriph_Driver\src\stm32f30x_wwdg.c 0x00000000   Number         0  stm32f30x_wwdg.o ABSOLUTE
    ..\Utilities\STM32F3_Discovery\stm32f3_discovery.c 0x00000000   Number         0  stm32f3_discovery.o ABSOLUTE
    ..\\..\\LCD_Hello.c                      0x00000000   Number         0  lcd_hello.o ABSOLUTE
    ..\\Libraries\\STM32F30x_StdPeriph_Driver\\src\\stm32f30x_adc.c 0x00000000   Number         0  stm32f30x_adc.o ABSOLUTE
    ..\\Libraries\\STM32F30x_StdPeriph_Driver\\src\\stm32f30x_can.c 0x00000000   Number         0  stm32f30x_can.o ABSOLUTE
    ..\\Libraries\\STM32F30x_StdPeriph_Driver\\src\\stm32f30x_comp.c 0x00000000   Number         0  stm32f30x_comp.o ABSOLUTE
    ..\\Libraries\\STM32F30x_StdPeriph_Driver\\src\\stm32f30x_crc.c 0x00000000   Number         0  stm32f30x_crc.o ABSOLUTE
    ..\\Libraries\\STM32F30x_StdPeriph_Driver\\src\\stm32f30x_dac.c 0x00000000   Number         0  stm32f30x_dac.o ABSOLUTE
    ..\\Libraries\\STM32F30x_StdPeriph_Driver\\src\\stm32f30x_dbgmcu.c 0x00000000   Number         0  stm32f30x_dbgmcu.o ABSOLUTE
    ..\\Libraries\\STM32F30x_StdPeriph_Driver\\src\\stm32f30x_dma.c 0x00000000   Number         0  stm32f30x_dma.o ABSOLUTE
    ..\\Libraries\\STM32F30x_StdPeriph_Driver\\src\\stm32f30x_exti.c 0x00000000   Number         0  stm32f30x_exti.o ABSOLUTE
    ..\\Libraries\\STM32F30x_StdPeriph_Driver\\src\\stm32f30x_flash.c 0x00000000   Number         0  stm32f30x_flash.o ABSOLUTE
    ..\\Libraries\\STM32F30x_StdPeriph_Driver\\src\\stm32f30x_gpio.c 0x00000000   Number         0  stm32f30x_gpio.o ABSOLUTE
    ..\\Libraries\\STM32F30x_StdPeriph_Driver\\src\\stm32f30x_i2c.c 0x00000000   Number         0  stm32f30x_i2c.o ABSOLUTE
    ..\\Libraries\\STM32F30x_StdPeriph_Driver\\src\\stm32f30x_iwdg.c 0x00000000   Number         0  stm32f30x_iwdg.o ABSOLUTE
    ..\\Libraries\\STM32F30x_StdPeriph_Driver\\src\\stm32f30x_misc.c 0x00000000   Number         0  stm32f30x_misc.o ABSOLUTE
    ..\\Libraries\\STM32F30x_StdPeriph_Driver\\src\\stm32f30x_opamp.c 0x00000000   Number         0  stm32f30x_opamp.o ABSOLUTE
    ..\\Libraries\\STM32F30x_StdPeriph_Driver\\src\\stm32f30x_pwr.c 0x00000000   Number         0  stm32f30x_pwr.o ABSOLUTE
    ..\\Libraries\\STM32F30x_StdPeriph_Driver\\src\\stm32f30x_rcc.c 0x00000000   Number         0  stm32f30x_rcc.o ABSOLUTE
    ..\\Libraries\\STM32F30x_StdPeriph_Driver\\src\\stm32f30x_rtc.c 0x00000000   Number         0  stm32f30x_rtc.o ABSOLUTE
    ..\\Libraries\\STM32F30x_StdPeriph_Driver\\src\\stm32f30x_spi.c 0x00000000   Number         0  stm32f30x_spi.o ABSOLUTE
    ..\\Libraries\\STM32F30x_StdPeriph_Driver\\src\\stm32f30x_syscfg.c 0x00000000   Number         0  stm32f30x_syscfg.o ABSOLUTE
    ..\\Libraries\\STM32F30x_StdPeriph_Driver\\src\\stm32f30x_tim.c 0x00000000   Number         0  stm32f30x_tim.o ABSOLUTE
    ..\\Libraries\\STM32F30x_StdPeriph_Driver\\src\\stm32f30x_usart.c 0x00000000   Number         0  stm32f30x_usart.o ABSOLUTE
    ..\\Libraries\\STM32F30x_StdPeriph_Driver\\src\\stm32f30x_wwdg.c 0x00000000   Number         0  stm32f30x_wwdg.o ABSOLUTE
    ..\\Utilities\\STM32F3_Discovery\\stm32f3_discovery.c 0x00000000   Number         0  stm32f3_discovery.o ABSOLUTE
    ..\\stm32f30x_it.c                       0x00000000   Number         0  stm32f30x_it.o ABSOLUTE
    ..\\system_stm32f30x.c                   0x00000000   Number         0  system_stm32f30x.o ABSOLUTE
    ..\stm32f30x_it.c                        0x00000000   Number         0  stm32f30x_it.o ABSOLUTE
    ..\system_stm32f30x.c                    0x00000000   Number         0  system_stm32f30x.o ABSOLUTE
    cdrcmple.s                               0x00000000   Number         0  cdrcmple.o ABSOLUTE
    dc.s                                     0x00000000   Number         0  dc.o ABSOLUTE
    handlers.s                               0x00000000   Number         0  handlers.o ABSOLUTE
    init.s                                   0x00000000   Number         0  init.o ABSOLUTE
    RESET                                    0x08000000   Section      392  startup_stm32f30x.o(RESET)
    .ARM.Collect$$$$00000000                 0x08000188   Section        0  entry.o(.ARM.Collect$$$$00000000)
    .ARM.Collect$$$$00000001                 0x08000188   Section        4  entry2.o(.ARM.Collect$$$$00000001)
    .ARM.Collect$$$$00000004                 0x0800018c   Section        4  entry5.o(.ARM.Collect$$$$00000004)
    .ARM.Collect$$$$00000008                 0x08000190   Section        0  entry7b.o(.ARM.Collect$$$$00000008)
    .ARM.Collect$$$$0000000A                 0x08000190   Section        0  entry8b.o(.ARM.Collect$$$$0000000A)
    .ARM.Collect$$$$0000000B                 0x08000190   Section        8  entry9a.o(.ARM.Collect$$$$0000000B)
    .ARM.Collect$$$$0000000D                 0x08000198   Section        0  entry10a.o(.ARM.Collect$$$$0000000D)
    .ARM.Collect$$$$0000000F                 0x08000198   Section        0  entry11a.o(.ARM.Collect$$$$0000000F)
    .ARM.Collect$$$$00002712                 0x08000198   Section        4  entry2.o(.ARM.Collect$$$$00002712)
    __lit__00000000                          0x08000198   Data           4  entry2.o(.ARM.Collect$$$$00002712)
    .text                                    0x0800019c   Section       36  startup_stm32f30x.o(.text)
    $v0                                      0x0800019c   Number         0  startup_stm32f30x.o(.text)
    .text                                    0x080001c0   Section        0  strlen.o(.text)
    .text                                    0x080001ce   Section        0  uidiv.o(.text)
    .text                                    0x080001fc   Section       36  init.o(.text)
    i.BusFault_Handler                       0x08000220   Section        0  stm32f30x_it.o(i.BusFault_Handler)
    i.DebugMon_Handler                       0x08000222   Section        0  stm32f30x_it.o(i.DebugMon_Handler)
    i.EXTI0_IRQHandler                       0x08000224   Section        0  lcd_hello.o(i.EXTI0_IRQHandler)
    i.EXTI_ClearITPendingBit                 0x08000260   Section        0  stm32f30x_exti.o(i.EXTI_ClearITPendingBit)
    i.EXTI_GetITStatus                       0x0800027c   Section        0  stm32f30x_exti.o(i.EXTI_GetITStatus)
    i.EXTI_Init                              0x080002ac   Section        0  stm32f30x_exti.o(i.EXTI_Init)
    i.GPIO_Init                              0x080003e0   Section        0  stm32f30x_gpio.o(i.GPIO_Init)
    i.GPIO_PinAFConfig                       0x08000460   Section        0  stm32f30x_gpio.o(i.GPIO_PinAFConfig)
    i.GPIO_ReadInputDataBit                  0x08000482   Section        0  stm32f30x_gpio.o(i.GPIO_ReadInputDataBit)
    i.HardFault_Handler                      0x08000490   Section        0  stm32f30x_it.o(i.HardFault_Handler)
    i.I2C_Cmd                                0x08000492   Section        0  stm32f30x_i2c.o(i.I2C_Cmd)
    i.I2C_DeInit                             0x080004a4   Section        0  stm32f30x_i2c.o(i.I2C_DeInit)
    i.I2C_GetFlagStatus                      0x080004de   Section        0  stm32f30x_i2c.o(i.I2C_GetFlagStatus)
    i.I2C_Init                               0x080004ec   Section        0  stm32f30x_i2c.o(i.I2C_Init)
    i.I2C_SendData                           0x0800054c   Section        0  stm32f30x_i2c.o(i.I2C_SendData)
    i.I2C_TransferHandling                   0x08000550   Section        0  stm32f30x_i2c.o(i.I2C_TransferHandling)
    i.IO_Init                                0x08000578   Section        0  lcd_hello.o(i.IO_Init)
    i.MemManage_Handler                      0x08000644   Section        0  stm32f30x_it.o(i.MemManage_Handler)
    i.NMI_Handler                            0x08000646   Section        0  stm32f30x_it.o(i.NMI_Handler)
    i.NVIC_Init                              0x08000648   Section        0  stm32f30x_misc.o(i.NVIC_Init)
    i.PendSV_Handler                         0x080006bc   Section        0  stm32f30x_it.o(i.PendSV_Handler)
    i.RCC_AHBPeriphClockCmd                  0x080006c0   Section        0  stm32f30x_rcc.o(i.RCC_AHBPeriphClockCmd)
    i.RCC_APB1PeriphClockCmd                 0x080006d8   Section        0  stm32f30x_rcc.o(i.RCC_APB1PeriphClockCmd)
    i.RCC_APB1PeriphResetCmd                 0x080006f0   Section        0  stm32f30x_rcc.o(i.RCC_APB1PeriphResetCmd)
    i.RCC_APB2PeriphClockCmd                 0x08000708   Section        0  stm32f30x_rcc.o(i.RCC_APB2PeriphClockCmd)
    i.RCC_GetClocksFreq                      0x08000720   Section        0  stm32f30x_rcc.o(i.RCC_GetClocksFreq)
    i.RCC_I2CCLKConfig                       0x08000984   Section        0  stm32f30x_rcc.o(i.RCC_I2CCLKConfig)
    i.STM_EVAL_PBGetState                    0x080009a4   Section        0  stm32f3_discovery.o(i.STM_EVAL_PBGetState)
    i.SVC_Handler                            0x080009bc   Section        0  stm32f30x_it.o(i.SVC_Handler)
    i.SYSCFG_EXTILineConfig                  0x080009be   Section        0  stm32f30x_syscfg.o(i.SYSCFG_EXTILineConfig)
    i.SysTick_Handler                        0x080009e8   Section        0  lcd_hello.o(i.SysTick_Handler)
    i.SystemInit                             0x08000a00   Section        0  system_stm32f30x.o(i.SystemInit)
    i.UsageFault_Handler                     0x08000af8   Section        0  stm32f30x_it.o(i.UsageFault_Handler)
    i.__0sprintf$6                           0x08000afc   Section        0  printf6.o(i.__0sprintf$6)
    i.__scatterload_copy                     0x08000b24   Section       14  handlers.o(i.__scatterload_copy)
    i.__scatterload_null                     0x08000b32   Section        2  handlers.o(i.__scatterload_null)
    i.__scatterload_zeroinit                 0x08000b34   Section       14  handlers.o(i.__scatterload_zeroinit)
    i._printf_core                           0x08000b44   Section        0  printf6.o(i._printf_core)
    _printf_core                             0x08000b45   Thumb Code   748  printf6.o(i._printf_core)
    i._printf_post_padding                   0x08000e34   Section        0  printf6.o(i._printf_post_padding)
    _printf_post_padding                     0x08000e35   Thumb Code    36  printf6.o(i._printf_post_padding)
    i._printf_pre_padding                    0x08000e58   Section        0  printf6.o(i._printf_pre_padding)
    _printf_pre_padding                      0x08000e59   Thumb Code    46  printf6.o(i._printf_pre_padding)
    i._sputc                                 0x08000e86   Section        0  printf6.o(i._sputc)
    _sputc                                   0x08000e87   Thumb Code    10  printf6.o(i._sputc)
    i.main                                   0x08000e90   Section        0  lcd_hello.o(i.main)
    .constdata                               0x08001258   Section       60  stm32f3_discovery.o(.constdata)
    .data                                    0x20000000   Section       36  stm32f3_discovery.o(.data)
    .data                                    0x20000024   Section       42  stm32f30x_rcc.o(.data)
    APBAHBPrescTable                         0x20000024   Data          16  stm32f30x_rcc.o(.data)
    ADCPrescTable                            0x20000034   Data          26  stm32f30x_rcc.o(.data)
    .data                                    0x20000050   Section       27  lcd_hello.o(.data)
    TimingDelay                              0x20000058   Data           4  lcd_hello.o(.data)
    .bss                                     0x2000006c   Section       76  lcd_hello.o(.bss)
    STACK                                    0x200000b8   Section     1024  startup_stm32f30x.o(STACK)

    Global Symbols

    Symbol Name                              Value     Ov Type        Size  Object(Section)

    BuildAttributes$$THM_ISAv4$E$P$D$K$B$S$7EM$VFPi3$EXTD16$VFPS$VFMA$PE$A:L22UL41UL21$X:L11$S22US41US21$IEEE1$IW$USESV6$~STKCKD$USESV7$~SHL$OTIME$ROPI$EBA8$MICROLIB$REQ8$PRES8$EABIv2 0x00000000   Number         0  anon$$obj.o ABSOLUTE
    __ARM_use_no_argv                        0x00000000   Number         0  lcd_hello.o ABSOLUTE
    _printf_a                                0x00000000   Number         0  stubs.o ABSOLUTE
    _printf_c                                0x00000000   Number         0  stubs.o ABSOLUTE
    _printf_charcount                        0x00000000   Number         0  stubs.o ABSOLUTE
    _printf_d                                0x00000000   Number         0  stubs.o ABSOLUTE
    _printf_e                                0x00000000   Number         0  stubs.o ABSOLUTE
    _printf_f                                0x00000000   Number         0  stubs.o ABSOLUTE
    _printf_flags                            0x00000000   Number         0  stubs.o ABSOLUTE
    _printf_fp_dec                           0x00000000   Number         0  stubs.o ABSOLUTE
    _printf_fp_hex                           0x00000000   Number         0  stubs.o ABSOLUTE
    _printf_g                                0x00000000   Number         0  stubs.o ABSOLUTE
    _printf_i                                0x00000000   Number         0  stubs.o ABSOLUTE
    _printf_int_dec                          0x00000000   Number         0  stubs.o ABSOLUTE
    _printf_l                                0x00000000   Number         0  stubs.o ABSOLUTE
    _printf_lc                               0x00000000   Number         0  stubs.o ABSOLUTE
    _printf_ll                               0x00000000   Number         0  stubs.o ABSOLUTE
    _printf_lld                              0x00000000   Number         0  stubs.o ABSOLUTE
    _printf_lli                              0x00000000   Number         0  stubs.o ABSOLUTE
    _printf_llo                              0x00000000   Number         0  stubs.o ABSOLUTE
    _printf_llu                              0x00000000   Number         0  stubs.o ABSOLUTE
    _printf_llx                              0x00000000   Number         0  stubs.o ABSOLUTE
    _printf_longlong_dec                     0x00000000   Number         0  stubs.o ABSOLUTE
    _printf_longlong_hex                     0x00000000   Number         0  stubs.o ABSOLUTE
    _printf_longlong_oct                     0x00000000   Number         0  stubs.o ABSOLUTE
    _printf_ls                               0x00000000   Number         0  stubs.o ABSOLUTE
    _printf_mbtowc                           0x00000000   Number         0  stubs.o ABSOLUTE
    _printf_n                                0x00000000   Number         0  stubs.o ABSOLUTE
    _printf_o                                0x00000000   Number         0  stubs.o ABSOLUTE
    _printf_p                                0x00000000   Number         0  stubs.o ABSOLUTE
    _printf_percent                          0x00000000   Number         0  stubs.o ABSOLUTE
    _printf_pre_padding                      0x00000000   Number         0  stubs.o ABSOLUTE
    _printf_return_value                     0x00000000   Number         0  stubs.o ABSOLUTE
    _printf_s                                0x00000000   Number         0  stubs.o ABSOLUTE
    _printf_sizespec                         0x00000000   Number         0  stubs.o ABSOLUTE
    _printf_str                              0x00000000   Number         0  stubs.o ABSOLUTE
    _printf_truncate_signed                  0x00000000   Number         0  stubs.o ABSOLUTE
    _printf_truncate_unsigned                0x00000000   Number         0  stubs.o ABSOLUTE
    _printf_u                                0x00000000   Number         0  stubs.o ABSOLUTE
    _printf_wc                               0x00000000   Number         0  stubs.o ABSOLUTE
    _printf_wctomb                           0x00000000   Number         0  stubs.o ABSOLUTE
    _printf_widthprec                        0x00000000   Number         0  stubs.o ABSOLUTE
    _printf_x                                0x00000000   Number         0  stubs.o ABSOLUTE
    __cpp_initialize__aeabi_                  - Undefined Weak Reference
    __cxa_finalize                            - Undefined Weak Reference
    __decompress                              - Undefined Weak Reference
    _clock_init                               - Undefined Weak Reference
    _microlib_exit                            - Undefined Weak Reference
    __Vectors_Size                           0x00000188   Number         0  startup_stm32f30x.o ABSOLUTE
    __Vectors                                0x08000000   Data           4  startup_stm32f30x.o(RESET)
    __Vectors_End                            0x08000188   Data           0  startup_stm32f30x.o(RESET)
    __main                                   0x08000189   Thumb Code     0  entry.o(.ARM.Collect$$$$00000000)
    _main_stk                                0x08000189   Thumb Code     0  entry2.o(.ARM.Collect$$$$00000001)
    _main_scatterload                        0x0800018d   Thumb Code     0  entry5.o(.ARM.Collect$$$$00000004)
    __main_after_scatterload                 0x08000191   Thumb Code     0  entry5.o(.ARM.Collect$$$$00000004)
    _main_clock                              0x08000191   Thumb Code     0  entry7b.o(.ARM.Collect$$$$00000008)
    _main_cpp_init                           0x08000191   Thumb Code     0  entry8b.o(.ARM.Collect$$$$0000000A)
    _main_init                               0x08000191   Thumb Code     0  entry9a.o(.ARM.Collect$$$$0000000B)
    __rt_final_cpp                           0x08000199   Thumb Code     0  entry10a.o(.ARM.Collect$$$$0000000D)
    __rt_final_exit                          0x08000199   Thumb Code     0  entry11a.o(.ARM.Collect$$$$0000000F)
    Reset_Handler                            0x0800019d   Thumb Code     8  startup_stm32f30x.o(.text)
    ADC1_2_IRQHandler                        0x080001b7   Thumb Code     0  startup_stm32f30x.o(.text)
    ADC3_IRQHandler                          0x080001b7   Thumb Code     0  startup_stm32f30x.o(.text)
    ADC4_IRQHandler                          0x080001b7   Thumb Code     0  startup_stm32f30x.o(.text)
    CAN1_RX1_IRQHandler                      0x080001b7   Thumb Code     0  startup_stm32f30x.o(.text)
    CAN1_SCE_IRQHandler                      0x080001b7   Thumb Code     0  startup_stm32f30x.o(.text)
    COMP1_2_3_IRQHandler                     0x080001b7   Thumb Code     0  startup_stm32f30x.o(.text)
    COMP4_5_6_IRQHandler                     0x080001b7   Thumb Code     0  startup_stm32f30x.o(.text)
    COMP7_IRQHandler                         0x080001b7   Thumb Code     0  startup_stm32f30x.o(.text)
    DMA1_Channel1_IRQHandler                 0x080001b7   Thumb Code     0  startup_stm32f30x.o(.text)
    DMA1_Channel2_IRQHandler                 0x080001b7   Thumb Code     0  startup_stm32f30x.o(.text)
    DMA1_Channel3_IRQHandler                 0x080001b7   Thumb Code     0  startup_stm32f30x.o(.text)
    DMA1_Channel4_IRQHandler                 0x080001b7   Thumb Code     0  startup_stm32f30x.o(.text)
    DMA1_Channel5_IRQHandler                 0x080001b7   Thumb Code     0  startup_stm32f30x.o(.text)
    DMA1_Channel6_IRQHandler                 0x080001b7   Thumb Code     0  startup_stm32f30x.o(.text)
    DMA1_Channel7_IRQHandler                 0x080001b7   Thumb Code     0  startup_stm32f30x.o(.text)
    DMA2_Channel1_IRQHandler                 0x080001b7   Thumb Code     0  startup_stm32f30x.o(.text)
    DMA2_Channel2_IRQHandler                 0x080001b7   Thumb Code     0  startup_stm32f30x.o(.text)
    DMA2_Channel3_IRQHandler                 0x080001b7   Thumb Code     0  startup_stm32f30x.o(.text)
    DMA2_Channel4_IRQHandler                 0x080001b7   Thumb Code     0  startup_stm32f30x.o(.text)
    DMA2_Channel5_IRQHandler                 0x080001b7   Thumb Code     0  startup_stm32f30x.o(.text)
    EXTI15_10_IRQHandler                     0x080001b7   Thumb Code     0  startup_stm32f30x.o(.text)
    EXTI1_IRQHandler                         0x080001b7   Thumb Code     0  startup_stm32f30x.o(.text)
    EXTI2_TS_IRQHandler                      0x080001b7   Thumb Code     0  startup_stm32f30x.o(.text)
    EXTI3_IRQHandler                         0x080001b7   Thumb Code     0  startup_stm32f30x.o(.text)
    EXTI4_IRQHandler                         0x080001b7   Thumb Code     0  startup_stm32f30x.o(.text)
    EXTI9_5_IRQHandler                       0x080001b7   Thumb Code     0  startup_stm32f30x.o(.text)
    FLASH_IRQHandler                         0x080001b7   Thumb Code     0  startup_stm32f30x.o(.text)
    FPU_IRQHandler                           0x080001b7   Thumb Code     0  startup_stm32f30x.o(.text)
    I2C1_ER_IRQHandler                       0x080001b7   Thumb Code     0  startup_stm32f30x.o(.text)
    I2C1_EV_IRQHandler                       0x080001b7   Thumb Code     0  startup_stm32f30x.o(.text)
    I2C2_ER_IRQHandler                       0x080001b7   Thumb Code     0  startup_stm32f30x.o(.text)
    I2C2_EV_IRQHandler                       0x080001b7   Thumb Code     0  startup_stm32f30x.o(.text)
    PVD_IRQHandler                           0x080001b7   Thumb Code     0  startup_stm32f30x.o(.text)
    RCC_IRQHandler                           0x080001b7   Thumb Code     0  startup_stm32f30x.o(.text)
    RTC_Alarm_IRQHandler                     0x080001b7   Thumb Code     0  startup_stm32f30x.o(.text)
    RTC_WKUP_IRQHandler                      0x080001b7   Thumb Code     0  startup_stm32f30x.o(.text)
    SPI1_IRQHandler                          0x080001b7   Thumb Code     0  startup_stm32f30x.o(.text)
    SPI2_IRQHandler                          0x080001b7   Thumb Code     0  startup_stm32f30x.o(.text)
    SPI3_IRQHandler                          0x080001b7   Thumb Code     0  startup_stm32f30x.o(.text)
    TAMPER_STAMP_IRQHandler                  0x080001b7   Thumb Code     0  startup_stm32f30x.o(.text)
    TIM1_BRK_TIM15_IRQHandler                0x080001b7   Thumb Code     0  startup_stm32f30x.o(.text)
    TIM1_CC_IRQHandler                       0x080001b7   Thumb Code     0  startup_stm32f30x.o(.text)
    TIM1_TRG_COM_TIM17_IRQHandler            0x080001b7   Thumb Code     0  startup_stm32f30x.o(.text)
    TIM1_UP_TIM16_IRQHandler                 0x080001b7   Thumb Code     0  startup_stm32f30x.o(.text)
    TIM2_IRQHandler                          0x080001b7   Thumb Code     0  startup_stm32f30x.o(.text)
    TIM3_IRQHandler                          0x080001b7   Thumb Code     0  startup_stm32f30x.o(.text)
    TIM4_IRQHandler                          0x080001b7   Thumb Code     0  startup_stm32f30x.o(.text)
    TIM6_DAC_IRQHandler                      0x080001b7   Thumb Code     0  startup_stm32f30x.o(.text)
    TIM7_IRQHandler                          0x080001b7   Thumb Code     0  startup_stm32f30x.o(.text)
    TIM8_BRK_IRQHandler                      0x080001b7   Thumb Code     0  startup_stm32f30x.o(.text)
    TIM8_CC_IRQHandler                       0x080001b7   Thumb Code     0  startup_stm32f30x.o(.text)
    TIM8_TRG_COM_IRQHandler                  0x080001b7   Thumb Code     0  startup_stm32f30x.o(.text)
    TIM8_UP_IRQHandler                       0x080001b7   Thumb Code     0  startup_stm32f30x.o(.text)
    UART4_IRQHandler                         0x080001b7   Thumb Code     0  startup_stm32f30x.o(.text)
    UART5_IRQHandler                         0x080001b7   Thumb Code     0  startup_stm32f30x.o(.text)
    USART1_IRQHandler                        0x080001b7   Thumb Code     0  startup_stm32f30x.o(.text)
    USART2_IRQHandler                        0x080001b7   Thumb Code     0  startup_stm32f30x.o(.text)
    USART3_IRQHandler                        0x080001b7   Thumb Code     0  startup_stm32f30x.o(.text)
    USBWakeUp_IRQHandler                     0x080001b7   Thumb Code     0  startup_stm32f30x.o(.text)
    USBWakeUp_RMP_IRQHandler                 0x080001b7   Thumb Code     0  startup_stm32f30x.o(.text)
    USB_HP_CAN1_TX_IRQHandler                0x080001b7   Thumb Code     0  startup_stm32f30x.o(.text)
    USB_HP_IRQHandler                        0x080001b7   Thumb Code     0  startup_stm32f30x.o(.text)
    USB_LP_CAN1_RX0_IRQHandler               0x080001b7   Thumb Code     0  startup_stm32f30x.o(.text)
    USB_LP_IRQHandler                        0x080001b7   Thumb Code     0  startup_stm32f30x.o(.text)
    WWDG_IRQHandler                          0x080001b7   Thumb Code     0  startup_stm32f30x.o(.text)
    strlen                                   0x080001c1   Thumb Code    14  strlen.o(.text)
    __aeabi_uidiv                            0x080001cf   Thumb Code     0  uidiv.o(.text)
    __aeabi_uidivmod                         0x080001cf   Thumb Code    44  uidiv.o(.text)
    __scatterload                            0x080001fd   Thumb Code    28  init.o(.text)
    __scatterload_rt2                        0x080001fd   Thumb Code     0  init.o(.text)
    BusFault_Handler                         0x08000221   Thumb Code     2  stm32f30x_it.o(i.BusFault_Handler)
    DebugMon_Handler                         0x08000223   Thumb Code     2  stm32f30x_it.o(i.DebugMon_Handler)
    EXTI0_IRQHandler                         0x08000225   Thumb Code    52  lcd_hello.o(i.EXTI0_IRQHandler)
    EXTI_ClearITPendingBit                   0x08000261   Thumb Code    28  stm32f30x_exti.o(i.EXTI_ClearITPendingBit)
    EXTI_GetITStatus                         0x0800027d   Thumb Code    48  stm32f30x_exti.o(i.EXTI_GetITStatus)
    EXTI_Init                                0x080002ad   Thumb Code   308  stm32f30x_exti.o(i.EXTI_Init)
    GPIO_Init                                0x080003e1   Thumb Code   128  stm32f30x_gpio.o(i.GPIO_Init)
    GPIO_PinAFConfig                         0x08000461   Thumb Code    34  stm32f30x_gpio.o(i.GPIO_PinAFConfig)
    GPIO_ReadInputDataBit                    0x08000483   Thumb Code    14  stm32f30x_gpio.o(i.GPIO_ReadInputDataBit)
    HardFault_Handler                        0x08000491   Thumb Code     2  stm32f30x_it.o(i.HardFault_Handler)
    I2C_Cmd                                  0x08000493   Thumb Code    18  stm32f30x_i2c.o(i.I2C_Cmd)
    I2C_DeInit                               0x080004a5   Thumb Code    58  stm32f30x_i2c.o(i.I2C_DeInit)
    I2C_GetFlagStatus                        0x080004df   Thumb Code    14  stm32f30x_i2c.o(i.I2C_GetFlagStatus)
    I2C_Init                                 0x080004ed   Thumb Code    90  stm32f30x_i2c.o(i.I2C_Init)
    I2C_SendData                             0x0800054d   Thumb Code     4  stm32f30x_i2c.o(i.I2C_SendData)
    I2C_TransferHandling                     0x08000551   Thumb Code    36  stm32f30x_i2c.o(i.I2C_TransferHandling)
    IO_Init                                  0x08000579   Thumb Code   190  lcd_hello.o(i.IO_Init)
    MemManage_Handler                        0x08000645   Thumb Code     2  stm32f30x_it.o(i.MemManage_Handler)
    NMI_Handler                              0x08000647   Thumb Code     2  stm32f30x_it.o(i.NMI_Handler)
    NVIC_Init                                0x08000649   Thumb Code   112  stm32f30x_misc.o(i.NVIC_Init)
    PendSV_Handler                           0x080006bd   Thumb Code     2  stm32f30x_it.o(i.PendSV_Handler)
    RCC_AHBPeriphClockCmd                    0x080006c1   Thumb Code    18  stm32f30x_rcc.o(i.RCC_AHBPeriphClockCmd)
    RCC_APB1PeriphClockCmd                   0x080006d9   Thumb Code    18  stm32f30x_rcc.o(i.RCC_APB1PeriphClockCmd)
    RCC_APB1PeriphResetCmd                   0x080006f1   Thumb Code    18  stm32f30x_rcc.o(i.RCC_APB1PeriphResetCmd)
    RCC_APB2PeriphClockCmd                   0x08000709   Thumb Code    18  stm32f30x_rcc.o(i.RCC_APB2PeriphClockCmd)
    RCC_GetClocksFreq                        0x08000721   Thumb Code   592  stm32f30x_rcc.o(i.RCC_GetClocksFreq)
    RCC_I2CCLKConfig                         0x08000985   Thumb Code    26  stm32f30x_rcc.o(i.RCC_I2CCLKConfig)
    STM_EVAL_PBGetState                      0x080009a5   Thumb Code    16  stm32f3_discovery.o(i.STM_EVAL_PBGetState)
    SVC_Handler                              0x080009bd   Thumb Code     2  stm32f30x_it.o(i.SVC_Handler)
    SYSCFG_EXTILineConfig                    0x080009bf   Thumb Code    40  stm32f30x_syscfg.o(i.SYSCFG_EXTILineConfig)
    SysTick_Handler                          0x080009e9   Thumb Code    20  lcd_hello.o(i.SysTick_Handler)
    SystemInit                               0x08000a01   Thumb Code   224  system_stm32f30x.o(i.SystemInit)
    UsageFault_Handler                       0x08000af9   Thumb Code     2  stm32f30x_it.o(i.UsageFault_Handler)
    __0sprintf$6                             0x08000afd   Thumb Code    34  printf6.o(i.__0sprintf$6)
    __1sprintf$6                             0x08000afd   Thumb Code     0  printf6.o(i.__0sprintf$6)
    __2sprintf                               0x08000afd   Thumb Code     0  printf6.o(i.__0sprintf$6)
    __scatterload_copy                       0x08000b25   Thumb Code    14  handlers.o(i.__scatterload_copy)
    __scatterload_null                       0x08000b33   Thumb Code     2  handlers.o(i.__scatterload_null)
    __scatterload_zeroinit                   0x08000b35   Thumb Code    14  handlers.o(i.__scatterload_zeroinit)
    main                                     0x08000e91   Thumb Code   926  lcd_hello.o(i.main)
    BUTTON_PORT_SOURCE                       0x08001258   Data           1  stm32f3_discovery.o(.constdata)
    BUTTON_PIN_SOURCE                        0x08001259   Data           1  stm32f3_discovery.o(.constdata)
    BUTTON_IRQn                              0x0800125a   Data           1  stm32f3_discovery.o(.constdata)
    BUTTON_PIN                               0x0800125c   Data           2  stm32f3_discovery.o(.constdata)
    BUTTON_EXTI_LINE                         0x0800125e   Data           2  stm32f3_discovery.o(.constdata)
    BUTTON_CLK                               0x08001260   Data           4  stm32f3_discovery.o(.constdata)
    GPIO_PIN                                 0x08001264   Data          16  stm32f3_discovery.o(.constdata)
    GPIO_CLK                                 0x08001274   Data          32  stm32f3_discovery.o(.constdata)
    Region$$Table$$Base                      0x08001294   Number         0  anon$$obj.o(Region$$Table)
    Region$$Table$$Limit                     0x080012b4   Number         0  anon$$obj.o(Region$$Table)
    BUTTON_PORT                              0x20000000   Data           4  stm32f3_discovery.o(.data)
    GPIO_PORT                                0x20000004   Data          32  stm32f3_discovery.o(.data)
    tick_count                               0x20000050   Data           4  lcd_hello.o(.data)
    ButtonPressed                            0x20000054   Data           4  lcd_hello.o(.data)
    LCD_msg                                  0x2000005c   Data          15  lcd_hello.o(.data)
    RCC_Clocks                               0x2000006c   Data          60  lcd_hello.o(.bss)
    message                                  0x200000a8   Data          16  lcd_hello.o(.bss)
    __initial_sp                             0x200004b8   Data           0  startup_stm32f30x.o(STACK)



==============================================================================

Memory Map of the image

  Image Entry point : 0x08000189

  Load Region LR_IROM1 (Base: 0x08000000, Size: 0x00001320, Max: 0x00040000, ABSOLUTE)

    Execution Region ER_IROM1 (Base: 0x08000000, Size: 0x000012b4, Max: 0x00040000, ABSOLUTE)

    Base Addr    Size         Type   Attr      Idx    E Section Name        Object

    0x08000000   0x00000188   Data   RO            3    RESET               startup_stm32f30x.o
    0x08000188   0x00000000   Code   RO         4358  * .ARM.Collect$$$$00000000  mc_w.l(entry.o)
    0x08000188   0x00000004   Code   RO         4624    .ARM.Collect$$$$00000001  mc_w.l(entry2.o)
    0x0800018c   0x00000004   Code   RO         4627    .ARM.Collect$$$$00000004  mc_w.l(entry5.o)
    0x08000190   0x00000000   Code   RO         4629    .ARM.Collect$$$$00000008  mc_w.l(entry7b.o)
    0x08000190   0x00000000   Code   RO         4631    .ARM.Collect$$$$0000000A  mc_w.l(entry8b.o)
    0x08000190   0x00000008   Code   RO         4632    .ARM.Collect$$$$0000000B  mc_w.l(entry9a.o)
    0x08000198   0x00000000   Code   RO         4634    .ARM.Collect$$$$0000000D  mc_w.l(entry10a.o)
    0x08000198   0x00000000   Code   RO         4636    .ARM.Collect$$$$0000000F  mc_w.l(entry11a.o)
    0x08000198   0x00000004   Code   RO         4625    .ARM.Collect$$$$00002712  mc_w.l(entry2.o)
    0x0800019c   0x00000024   Code   RO            4    .text               startup_stm32f30x.o
    0x080001c0   0x0000000e   Code   RO         4361    .text               mc_w.l(strlen.o)
    0x080001ce   0x0000002c   Code   RO         4641    .text               mc_w.l(uidiv.o)
    0x080001fa   0x00000002   PAD
    0x080001fc   0x00000024   Code   RO         4656    .text               mc_w.l(init.o)
    0x08000220   0x00000002   Code   RO         4135    i.BusFault_Handler  stm32f30x_it.o
    0x08000222   0x00000002   Code   RO         4136    i.DebugMon_Handler  stm32f30x_it.o
    0x08000224   0x0000003c   Code   RO         4247    i.EXTI0_IRQHandler  lcd_hello.o
    0x08000260   0x0000001c   Code   RO         1242    i.EXTI_ClearITPendingBit  stm32f30x_exti.o
    0x0800027c   0x00000030   Code   RO         1246    i.EXTI_GetITStatus  stm32f30x_exti.o
    0x080002ac   0x00000134   Code   RO         1247    i.EXTI_Init         stm32f30x_exti.o
    0x080003e0   0x00000080   Code   RO         1505    i.GPIO_Init         stm32f30x_gpio.o
    0x08000460   0x00000022   Code   RO         1506    i.GPIO_PinAFConfig  stm32f30x_gpio.o
    0x08000482   0x0000000e   Code   RO         1509    i.GPIO_ReadInputDataBit  stm32f30x_gpio.o
    0x08000490   0x00000002   Code   RO         4137    i.HardFault_Handler  stm32f30x_it.o
    0x08000492   0x00000012   Code   RO         1611    i.I2C_Cmd           stm32f30x_i2c.o
    0x080004a4   0x0000003a   Code   RO         1613    i.I2C_DeInit        stm32f30x_i2c.o
    0x080004de   0x0000000e   Code   RO         1620    i.I2C_GetFlagStatus  stm32f30x_i2c.o
    0x080004ec   0x00000060   Code   RO         1626    i.I2C_Init          stm32f30x_i2c.o
    0x0800054c   0x00000004   Code   RO         1635    i.I2C_SendData      stm32f30x_i2c.o
    0x08000550   0x00000028   Code   RO         1644    i.I2C_TransferHandling  stm32f30x_i2c.o
    0x08000578   0x000000cc   Code   RO         4249    i.IO_Init           lcd_hello.o
    0x08000644   0x00000002   Code   RO         4138    i.MemManage_Handler  stm32f30x_it.o
    0x08000646   0x00000002   Code   RO         4139    i.NMI_Handler       stm32f30x_it.o
    0x08000648   0x00000074   Code   RO         1936    i.NVIC_Init         stm32f30x_misc.o
    0x080006bc   0x00000002   Code   RO         4140    i.PendSV_Handler    stm32f30x_it.o
    0x080006be   0x00000002   PAD
    0x080006c0   0x00000018   Code   RO         2177    i.RCC_AHBPeriphClockCmd  stm32f30x_rcc.o
    0x080006d8   0x00000018   Code   RO         2179    i.RCC_APB1PeriphClockCmd  stm32f30x_rcc.o
    0x080006f0   0x00000018   Code   RO         2180    i.RCC_APB1PeriphResetCmd  stm32f30x_rcc.o
    0x08000708   0x00000018   Code   RO         2181    i.RCC_APB2PeriphClockCmd  stm32f30x_rcc.o
    0x08000720   0x00000264   Code   RO         2189    i.RCC_GetClocksFreq  stm32f30x_rcc.o
    0x08000984   0x00000020   Code   RO         2196    i.RCC_I2CCLKConfig  stm32f30x_rcc.o
    0x080009a4   0x00000018   Code   RO           17    i.STM_EVAL_PBGetState  stm32f3_discovery.o
    0x080009bc   0x00000002   Code   RO         4141    i.SVC_Handler       stm32f30x_it.o
    0x080009be   0x00000028   Code   RO         2981    i.SYSCFG_EXTILineConfig  stm32f30x_syscfg.o
    0x080009e6   0x00000002   PAD
    0x080009e8   0x00000018   Code   RO         4254    i.SysTick_Handler   lcd_hello.o
    0x08000a00   0x000000f8   Code   RO         4211    i.SystemInit        system_stm32f30x.o
    0x08000af8   0x00000002   Code   RO         4142    i.UsageFault_Handler  stm32f30x_it.o
    0x08000afa   0x00000002   PAD
    0x08000afc   0x00000028   Code   RO         4520    i.__0sprintf$6      mc_w.l(printf6.o)
    0x08000b24   0x0000000e   Code   RO         4670    i.__scatterload_copy  mc_w.l(handlers.o)
    0x08000b32   0x00000002   Code   RO         4671    i.__scatterload_null  mc_w.l(handlers.o)
    0x08000b34   0x0000000e   Code   RO         4672    i.__scatterload_zeroinit  mc_w.l(handlers.o)
    0x08000b42   0x00000002   PAD
    0x08000b44   0x000002f0   Code   RO         4525    i._printf_core      mc_w.l(printf6.o)
    0x08000e34   0x00000024   Code   RO         4526    i._printf_post_padding  mc_w.l(printf6.o)
    0x08000e58   0x0000002e   Code   RO         4527    i._printf_pre_padding  mc_w.l(printf6.o)
    0x08000e86   0x0000000a   Code   RO         4529    i._sputc            mc_w.l(printf6.o)
    0x08000e90   0x000003c8   Code   RO         4256    i.main              lcd_hello.o
    0x08001258   0x0000003c   Data   RO           19    .constdata          stm32f3_discovery.o
    0x08001294   0x00000020   Data   RO         4668    Region$$Table       anon$$obj.o


    Execution Region RW_IRAM1 (Base: 0x20000000, Size: 0x000004b8, Max: 0x00008000, ABSOLUTE)

    Base Addr    Size         Type   Attr      Idx    E Section Name        Object

    0x20000000   0x00000024   Data   RW           20    .data               stm32f3_discovery.o
    0x20000024   0x0000002a   Data   RW         2215    .data               stm32f30x_rcc.o
    0x2000004e   0x00000002   PAD
    0x20000050   0x0000001b   Data   RW         4259    .data               lcd_hello.o
    0x2000006b   0x00000001   PAD
    0x2000006c   0x0000004c   Zero   RW         4257    .bss                lcd_hello.o
    0x200000b8   0x00000400   Zero   RW            1    STACK               startup_stm32f30x.o


==============================================================================

Image component sizes


      Code (inc. data)   RO Data    RW Data    ZI Data      Debug   Object Name

      1256         68          0         27         76     227683   lcd_hello.o
        36          8        392          0       1024        972   startup_stm32f30x.o
       384          0          0          0          0       5592   stm32f30x_exti.o
       176          0          0          0          0       7483   stm32f30x_gpio.o
       230         10          0          0          0      11148   stm32f30x_i2c.o
        16          0          0          0          0       3708   stm32f30x_it.o
       116          4          0          0          0       3116   stm32f30x_misc.o
       740         50          0         42          0      21890   stm32f30x_rcc.o
        40          0          0          0          0        716   stm32f30x_syscfg.o
        24          8         60         36          0     224712   stm32f3_discovery.o
       248         24          0          0          0       1145   system_stm32f30x.o

    ----------------------------------------------------------------------
      3272        172        484        108       1100     508165   Object Totals
         0          0         32          0          0          0   (incl. Generated)
         6          0          0          3          0          0   (incl. Padding)

    ----------------------------------------------------------------------

      Code (inc. data)   RO Data    RW Data    ZI Data      Debug   Library Member Name

         0          0          0          0          0          0   entry.o
         0          0          0          0          0          0   entry10a.o
         0          0          0          0          0          0   entry11a.o
         8          4          0          0          0          0   entry2.o
         4          0          0          0          0          0   entry5.o
         0          0          0          0          0          0   entry7b.o
         0          0          0          0          0          0   entry8b.o
         8          4          0          0          0          0   entry9a.o
        30          0          0          0          0          0   handlers.o
        36          8          0          0          0         68   init.o
       884         10          0          0          0        420   printf6.o
        14          0          0          0          0         68   strlen.o
        44          0          0          0          0         80   uidiv.o

    ----------------------------------------------------------------------
      1032         26          0          0          0        636   Library Totals
         4          0          0          0          0          0   (incl. Padding)

    ----------------------------------------------------------------------

      Code (inc. data)   RO Data    RW Data    ZI Data      Debug   Library Name

      1028         26          0          0          0        636   mc_w.l

    ----------------------------------------------------------------------
      1032         26          0          0          0        636   Library Totals

    ----------------------------------------------------------------------

==============================================================================


      Code (inc. data)   RO Data    RW Data    ZI Data      Debug   

      4304        198        484        108       1100     505897   Grand Totals
      4304        198        484        108       1100     505897   ELF Image Totals
      4304        198        484        108          0          0   ROM Totals

==============================================================================

    Total RO  Size (Code + RO Data)                 4788 (   4.68kB)
    Total RW  Size (RW Data + ZI Data)              1208 (   1.18kB)
    Total ROM Size (Code + RO Data + RW Data)       4896 (   4.78kB)

==============================================================================

