<html>
<body>
<pre>
<h1>µVision Build Log</h1>
<h2>Tool Versions:</h2>
IDE-Version: µVision V5.18.0.0
Copyright (C) 2016 ARM Ltd and ARM Germany GmbH. All rights reserved.
License Information: tee athit_vue@hotmail.com, student, LIC=----
 
Tool Versions:
Toolchain:       MDK-Lite  Version: 5.18
Toolchain Path:  C:\Keil_v5\ARM\ARMCC\Bin
C Compiler:      Armcc.exe V5.06 update 1 (build 61)
Assembler:       Armasm.exe V5.06 update 1 (build 61)
Linker/Locator:  ArmLink.exe V5.06 update 1 (build 61)
Library Manager: ArmAr.exe V5.06 update 1 (build 61)
Hex Converter:   FromElf.exe V5.06 update 1 (build 61)
CPU DLL:         SARMCM3.DLL V5.18
Dialog DLL:      DCM.DLL V1.13.6.0
Target DLL:      STLink\ST-LINKIII-KEIL_SWO.dll V2.0.18.0
Dialog DLL:      TCM.DLL V1.14.8.0
 
<h2>Project:</h2>
C:\Users\athit\Desktop\EECE 237\STM32F3Base\STM32F3Base\MDK-ARM\STM32F3_Base.uvprojx
Project File Date:  04/10/2016

<h2>Output:</h2>
*** Using Compiler 'V5.06 update 1 (build 61)', folder: 'C:\Keil_v5\ARM\ARMCC\Bin'
Build target 'STM32F3_Base'
compiling stm32f30x_crc.c...
compiling stm32f30x_dbgmcu.c...
compiling stm32f30x_comp.c...
compiling stm32f3_discovery.c...
compiling stm32f30x_dac.c...
compiling stm32f30x_can.c...
compiling stm32f30x_adc.c...
compiling stm32f30x_dma.c...
compiling stm32f30x_gpio.c...
compiling stm32f30x_exti.c...
compiling stm32f30x_iwdg.c...
compiling stm32f30x_flash.c...
compiling stm32f30x_misc.c...
compiling stm32f30x_i2c.c...
compiling stm32f30x_opamp.c...
compiling stm32f30x_pwr.c...
compiling stm32f30x_syscfg.c...
compiling stm32f30x_spi.c...
compiling stm32f30x_rcc.c...
compiling stm32f30x_rtc.c...
compiling stm32f30x_tim.c...
compiling stm32f30x_wwdg.c...
compiling stm32f30x_it.c...
compiling stm32f30x_usart.c...
compiling system_stm32f30x.c...
compiling LCD_Hello.c...
linking...
Program Size: Code=4304 RO-data=484 RW-data=108 ZI-data=1100  
FromELF: creating hex file...
".\STM32F3_Base\STM32F3_Base.axf" - 0 Error(s), 0 Warning(s).

<h2>Software Packages used:</h2>

Package Vendor: ARM
                http://www.keil.com/pack/ARM.CMSIS.4.5.0.pack
                ARM::CMSIS:CORE:4.3.0
                CMSIS (Cortex Microcontroller Software Interface Standard)
   * Component: CORE Version: 4.3.0

<h2>Collection of Component include folders:</h2>
  C:\Users\athit\Desktop\EECE 237\STM32F3Base\STM32F3Base\MDK-ARM\RTE
  C:\Keil_v5\ARM\PACK\ARM\CMSIS\4.5.0\CMSIS\Include
  C:\Keil_v5\ARM\PACK\Keil\STM32F3xx_DFP\1.3.0\Device\Include

<h2>Collection of Component Files used:</h2>

   * Component: ARM::CMSIS:CORE:4.3.0
Build Time Elapsed:  00:00:03
</pre>
</body>
</html>
